Component: ARM Compiler 5.05 update 1 (build 106) Tool: armlink [4d0efa]

==============================================================================

Section Cross References

    startup_stm32f10x_hd.o(RESET) refers to startup_stm32f10x_hd.o(STACK) for __initial_sp
    startup_stm32f10x_hd.o(RESET) refers to startup_stm32f10x_hd.o(.text) for Reset_Handler
    startup_stm32f10x_hd.o(RESET) refers to stm32f10x_it.o(i.NMI_Handler) for NMI_Handler
    startup_stm32f10x_hd.o(RESET) refers to stm32f10x_it.o(i.HardFault_Handler) for HardFault_Handler
    startup_stm32f10x_hd.o(RESET) refers to stm32f10x_it.o(i.MemManage_Handler) for MemManage_Handler
    startup_stm32f10x_hd.o(RESET) refers to stm32f10x_it.o(i.BusFault_Handler) for BusFault_Handler
    startup_stm32f10x_hd.o(RESET) refers to stm32f10x_it.o(i.UsageFault_Handler) for UsageFault_Handler
    startup_stm32f10x_hd.o(RESET) refers to stm32f10x_it.o(i.SVC_Handler) for SVC_Handler
    startup_stm32f10x_hd.o(RESET) refers to stm32f10x_it.o(i.DebugMon_Handler) for DebugMon_Handler
    startup_stm32f10x_hd.o(RESET) refers to stm32f10x_it.o(i.PendSV_Handler) for PendSV_Handler
    startup_stm32f10x_hd.o(RESET) refers to stm32f10x_it.o(i.SysTick_Handler) for SysTick_Handler
    startup_stm32f10x_hd.o(RESET) refers to stm32f10x_it.o(i.USART2_IRQHandler) for USART2_IRQHandler
    startup_stm32f10x_hd.o(RESET) refers to tim.o(i.TIM6_IRQHandler) for TIM6_IRQHandler
    startup_stm32f10x_hd.o(.text) refers to system_stm32f10x.o(i.SystemInit) for SystemInit
    startup_stm32f10x_hd.o(.text) refers to entry.o(.ARM.Collect$$$$00000000) for __main
    system_stm32f10x.o(i.SetSysClock) refers to system_stm32f10x.o(i.SetSysClockTo72) for SetSysClockTo72
    system_stm32f10x.o(i.SystemCoreClockUpdate) refers to system_stm32f10x.o(.data) for SystemCoreClock
    system_stm32f10x.o(i.SystemInit) refers to system_stm32f10x.o(i.SetSysClock) for SetSysClock
    stm32f10x_adc.o(i.ADC_DeInit) refers to stm32f10x_rcc.o(i.RCC_APB2PeriphResetCmd) for RCC_APB2PeriphResetCmd
    stm32f10x_bkp.o(i.BKP_DeInit) refers to stm32f10x_rcc.o(i.RCC_BackupResetCmd) for RCC_BackupResetCmd
    stm32f10x_can.o(i.CAN_DeInit) refers to stm32f10x_rcc.o(i.RCC_APB1PeriphResetCmd) for RCC_APB1PeriphResetCmd
    stm32f10x_can.o(i.CAN_GetITStatus) refers to stm32f10x_can.o(i.CheckITStatus) for CheckITStatus
    stm32f10x_cec.o(i.CEC_DeInit) refers to stm32f10x_rcc.o(i.RCC_APB1PeriphResetCmd) for RCC_APB1PeriphResetCmd
    stm32f10x_dac.o(i.DAC_DeInit) refers to stm32f10x_rcc.o(i.RCC_APB1PeriphResetCmd) for RCC_APB1PeriphResetCmd
    stm32f10x_flash.o(i.FLASH_EnableWriteProtection) refers to stm32f10x_flash.o(i.FLASH_WaitForLastOperation) for FLASH_WaitForLastOperation
    stm32f10x_flash.o(i.FLASH_EraseAllBank1Pages) refers to stm32f10x_flash.o(i.FLASH_WaitForLastBank1Operation) for FLASH_WaitForLastBank1Operation
    stm32f10x_flash.o(i.FLASH_EraseAllPages) refers to stm32f10x_flash.o(i.FLASH_WaitForLastOperation) for FLASH_WaitForLastOperation
    stm32f10x_flash.o(i.FLASH_EraseOptionBytes) refers to stm32f10x_flash.o(i.FLASH_GetReadOutProtectionStatus) for FLASH_GetReadOutProtectionStatus
    stm32f10x_flash.o(i.FLASH_EraseOptionBytes) refers to stm32f10x_flash.o(i.FLASH_WaitForLastOperation) for FLASH_WaitForLastOperation
    stm32f10x_flash.o(i.FLASH_ErasePage) refers to stm32f10x_flash.o(i.FLASH_WaitForLastOperation) for FLASH_WaitForLastOperation
    stm32f10x_flash.o(i.FLASH_ProgramHalfWord) refers to stm32f10x_flash.o(i.FLASH_WaitForLastOperation) for FLASH_WaitForLastOperation
    stm32f10x_flash.o(i.FLASH_ProgramOptionByteData) refers to stm32f10x_flash.o(i.FLASH_WaitForLastOperation) for FLASH_WaitForLastOperation
    stm32f10x_flash.o(i.FLASH_ProgramWord) refers to stm32f10x_flash.o(i.FLASH_WaitForLastOperation) for FLASH_WaitForLastOperation
    stm32f10x_flash.o(i.FLASH_ReadOutProtection) refers to stm32f10x_flash.o(i.FLASH_WaitForLastOperation) for FLASH_WaitForLastOperation
    stm32f10x_flash.o(i.FLASH_UserOptionByteConfig) refers to stm32f10x_flash.o(i.FLASH_WaitForLastOperation) for FLASH_WaitForLastOperation
    stm32f10x_flash.o(i.FLASH_WaitForLastBank1Operation) refers to stm32f10x_flash.o(i.FLASH_GetBank1Status) for FLASH_GetBank1Status
    stm32f10x_flash.o(i.FLASH_WaitForLastOperation) refers to stm32f10x_flash.o(i.FLASH_GetBank1Status) for FLASH_GetBank1Status
    stm32f10x_gpio.o(i.GPIO_AFIODeInit) refers to stm32f10x_rcc.o(i.RCC_APB2PeriphResetCmd) for RCC_APB2PeriphResetCmd
    stm32f10x_gpio.o(i.GPIO_DeInit) refers to stm32f10x_rcc.o(i.RCC_APB2PeriphResetCmd) for RCC_APB2PeriphResetCmd
    stm32f10x_i2c.o(i.I2C_DeInit) refers to stm32f10x_rcc.o(i.RCC_APB1PeriphResetCmd) for RCC_APB1PeriphResetCmd
    stm32f10x_i2c.o(i.I2C_Init) refers to stm32f10x_rcc.o(i.RCC_GetClocksFreq) for RCC_GetClocksFreq
    stm32f10x_pwr.o(i.PWR_DeInit) refers to stm32f10x_rcc.o(i.RCC_APB1PeriphResetCmd) for RCC_APB1PeriphResetCmd
[...]
    SetSysClock                              0x08002731   Thumb Code     8  system_stm32f10x.o(i.SetSysClock)
    i.SetSysClockTo72                        0x08002738   Section        0  system_stm32f10x.o(i.SetSysClockTo72)
    SetSysClockTo72                          0x08002739   Thumb Code   214  system_stm32f10x.o(i.SetSysClockTo72)
    i.SysTick_CLKSourceConfig                0x08002818   Section        0  misc.o(i.SysTick_CLKSourceConfig)
    i.SysTick_Handler                        0x08002840   Section        0  stm32f10x_it.o(i.SysTick_Handler)
    i.SystemInit                             0x08002844   Section        0  system_stm32f10x.o(i.SystemInit)
    i.TI1_Config                             0x080028a4   Section        0  stm32f10x_tim.o(i.TI1_Config)
    TI1_Config                               0x080028a5   Thumb Code   108  stm32f10x_tim.o(i.TI1_Config)
    i.TI2_Config                             0x08002924   Section        0  stm32f10x_tim.o(i.TI2_Config)
    TI2_Config                               0x08002925   Thumb Code   130  stm32f10x_tim.o(i.TI2_Config)
    i.TI3_Config                             0x080029bc   Section        0  stm32f10x_tim.o(i.TI3_Config)
    TI3_Config                               0x080029bd   Thumb Code   122  stm32f10x_tim.o(i.TI3_Config)
    i.TI4_Config                             0x08002a4c   Section        0  stm32f10x_tim.o(i.TI4_Config)
    TI4_Config                               0x08002a4d   Thumb Code   130  stm32f10x_tim.o(i.TI4_Config)
    i.TIM6_CheckIrqStatus                    0x08002ae4   Section        0  tim.o(i.TIM6_CheckIrqStatus)
    i.TIM6_IRQHandler                        0x08002afc   Section        0  tim.o(i.TIM6_IRQHandler)
    i.TIM6_Init                              0x08002b20   Section        0  tim.o(i.TIM6_Init)
    i.TIM_ARRPreloadConfig                   0x08002b88   Section        0  stm32f10x_tim.o(i.TIM_ARRPreloadConfig)
    i.TIM_ClearFlag                          0x08002ba0   Section        0  stm32f10x_tim.o(i.TIM_ClearFlag)
    i.TIM_ClearITPendingBit                  0x08002ba6   Section        0  stm32f10x_tim.o(i.TIM_ClearITPendingBit)
    i.TIM_Cmd                                0x08002bac   Section        0  stm32f10x_tim.o(i.TIM_Cmd)
    i.TIM_CtrlPWMOutputs                     0x08002bc4   Section        0  stm32f10x_tim.o(i.TIM_CtrlPWMOutputs)
    i.TIM_DeInit                             0x08002be4   Section        0  stm32f10x_tim.o(i.TIM_DeInit)
    i.TIM_EncoderInterfaceConfig             0x08002dcc   Section        0  stm32f10x_tim.o(i.TIM_EncoderInterfaceConfig)
    i.TIM_GetCounter                         0x08002e0e   Section        0  stm32f10x_tim.o(i.TIM_GetCounter)
    i.TIM_GetITStatus                        0x08002e14   Section        0  stm32f10x_tim.o(i.TIM_GetITStatus)
    i.TIM_ICInit                             0x08002e38   Section        0  stm32f10x_tim.o(i.TIM_ICInit)
    i.TIM_ICStructInit                       0x08002ee4   Section        0  stm32f10x_tim.o(i.TIM_ICStructInit)
    i.TIM_ITConfig                           0x08002ef6   Section        0  stm32f10x_tim.o(i.TIM_ITConfig)
    i.TIM_OC1Init                            0x08002f08   Section        0  stm32f10x_tim.o(i.TIM_OC1Init)
    i.TIM_OC1PreloadConfig                   0x08002fa0   Section        0  stm32f10x_tim.o(i.TIM_OC1PreloadConfig)
    i.TIM_OC2Init                            0x08002fb4   Section        0  stm32f10x_tim.o(i.TIM_OC2Init)
    i.TIM_OC2PreloadConfig                   0x08003058   Section        0  stm32f10x_tim.o(i.TIM_OC2PreloadConfig)
    i.TIM_OC3Init                            0x08003074   Section        0  stm32f10x_tim.o(i.TIM_OC3Init)
    i.TIM_OC3PreloadConfig                   0x08003114   Section        0  stm32f10x_tim.o(i.TIM_OC3PreloadConfig)
    i.TIM_OC4Init                            0x08003128   Section        0  stm32f10x_tim.o(i.TIM_OC4Init)
    i.TIM_OC4PreloadConfig                   0x080031a4   Section        0  stm32f10x_tim.o(i.TIM_OC4PreloadConfig)
    i.TIM_SetCompare1                        0x080031be   Section        0  stm32f10x_tim.o(i.TIM_SetCompare1)
    i.TIM_SetCompare2                        0x080031c2   Section        0  stm32f10x_tim.o(i.TIM_SetCompare2)
    i.TIM_SetIC1Prescaler                    0x080031c6   Section        0  stm32f10x_tim.o(i.TIM_SetIC1Prescaler)
    i.TIM_SetIC2Prescaler                    0x080031d8   Section        0  stm32f10x_tim.o(i.TIM_SetIC2Prescaler)
    i.TIM_SetIC3Prescaler                    0x080031f2   Section        0  stm32f10x_tim.o(i.TIM_SetIC3Prescaler)
    i.TIM_SetIC4Prescaler                    0x08003204   Section        0  stm32f10x_tim.o(i.TIM_SetIC4Prescaler)
    i.TIM_TimeBaseInit                       0x08003220   Section        0  stm32f10x_tim.o(i.TIM_TimeBaseInit)
    i.TIM_TimeBaseStructInit                 0x080032c4   Section        0  stm32f10x_tim.o(i.TIM_TimeBaseStructInit)
    i.UART_SendPacket                        0x080032d8   Section        0  bsp_usart.o(i.UART_SendPacket)
    i.USART1_Config                          0x08003368   Section        0  bsp_usart.o(i.USART1_Config)
    i.USART2_Config                          0x080033e8   Section        0  bsp_usart.o(i.USART2_Config)
    i.USART2_IRQHandler                      0x08003494   Section        0  stm32f10x_it.o(i.USART2_IRQHandler)
    i.USART_Cmd                              0x080036c0   Section        0  stm32f10x_usart.o(i.USART_Cmd)
    i.USART_GetFlagStatus                    0x080036d8   Section        0  stm32f10x_usart.o(i.USART_GetFlagStatus)
    i.USART_GetITStatus                      0x080036f2   Section        0  stm32f10x_usart.o(i.USART_GetITStatus)
    i.USART_ITConfig                         0x08003746   Section        0  stm32f10x_usart.o(i.USART_ITConfig)
    i.USART_Init                             0x08003790   Section        0  stm32f10x_usart.o(i.USART_Init)
    i.USART_ReceiveData                      0x08003868   Section        0  stm32f10x_usart.o(i.USART_ReceiveData)
    i.USART_SendData                         0x08003872   Section        0  stm32f10x_usart.o(i.USART_SendData)
    i.UsageFault_Handler                     0x0800387a   Section        0  stm32f10x_it.o(i.UsageFault_Handler)
    i.__0printf                              0x08003880   Section        0  printfa.o(i.__0printf)
    i.__ARM_fpclassify                       0x080038a0   Section        0  fpclassify.o(i.__ARM_fpclassify)
    i.__ieee754_rem_pio2                     0x080038c8   Section        0  rred.o(i.__ieee754_rem_pio2)
    i.__kernel_cos                           0x08003c50   Section        0  cos_i.o(i.__kernel_cos)
    i.__kernel_poly                          0x08003d4c   Section        0  poly.o(i.__kernel_poly)
    i.__kernel_sin                           0x08003df8   Section        0  sin_i.o(i.__kernel_sin)
    i.__kernel_tan                           0x08003ee4   Section        0  tan_i.o(i.__kernel_tan)
    i.__mathlib_dbl_infnan                   0x08004160   Section        0  dunder.o(i.__mathlib_dbl_infnan)
    i.__mathlib_dbl_infnan2                  0x08004166   Section        0  dunder.o(i.__mathlib_dbl_infnan2)
    i.__mathlib_dbl_invalid                  0x0800416a   Section        0  dunder.o(i.__mathlib_dbl_invalid)
    i.__mathlib_dbl_underflow                0x08004178   Section        0  dunder.o(i.__mathlib_dbl_underflow)
    i.__scatterload_copy                     0x08004188   Section       14  handlers.o(i.__scatterload_copy)
    i.__scatterload_null                     0x08004196   Section        2  handlers.o(i.__scatterload_null)
    i.__scatterload_zeroinit                 0x08004198   Section       14  handlers.o(i.__scatterload_zeroinit)
    i.__set_errno                            0x080041a8   Section        0  errno.o(i.__set_errno)
    i._fp_digits                             0x080041b4   Section        0  printfa.o(i._fp_digits)
    _fp_digits                               0x080041b5   Thumb Code   334  printfa.o(i._fp_digits)
    i._printf_core                           0x08004318   Section        0  printfa.o(i._printf_core)
    _printf_core                             0x08004319   Thumb Code  1744  printfa.o(i._printf_core)
    i._printf_post_padding                   0x080049f4   Section        0  printfa.o(i._printf_post_padding)
    _printf_post_padding                     0x080049f5   Thumb Code    36  printfa.o(i._printf_post_padding)
    i._printf_pre_padding                    0x08004a18   Section        0  printfa.o(i._printf_pre_padding)
    _printf_pre_padding                      0x08004a19   Thumb Code    46  printfa.o(i._printf_pre_padding)
    i.accel_self_test                        0x08004a48   Section        0  inv_mpu.o(i.accel_self_test)
    accel_self_test                          0x08004a49   Thumb Code   164  inv_mpu.o(i.accel_self_test)
    i.asin                                   0x08004af0   Section        0  asin.o(i.asin)
    i.atan                                   0x08004d60   Section        0  atan.o(i.atan)
    i.atan2                                  0x08004f80   Section        0  atan2.o(i.atan2)
    i.cos                                    0x08005100   Section        0  cos.o(i.cos)
    i.decode_gesture                         0x0800519c   Section        0  inv_mpu_dmp_motion_driver.o(i.decode_gesture)
    decode_gesture                           0x0800519d   Thumb Code    94  inv_mpu_dmp_motion_driver.o(i.decode_gesture)
    i.dmp_enable_6x_lp_quat                  0x08005200   Section        0  inv_mpu_dmp_motion_driver.o(i.dmp_enable_6x_lp_quat)
    i.dmp_enable_feature                     0x0800523c   Section        0  inv_mpu_dmp_motion_driver.o(i.dmp_enable_feature)
    i.dmp_enable_gyro_cal                    0x08005458   Section        0  inv_mpu_dmp_motion_driver.o(i.dmp_enable_gyro_cal)
    i.dmp_enable_lp_quat                     0x080054b0   Section        0  inv_mpu_dmp_motion_driver.o(i.dmp_enable_lp_quat)
    i.dmp_load_motion_driver_firmware        0x080054ec   Section        0  inv_mpu_dmp_motion_driver.o(i.dmp_load_motion_driver_firmware)
    i.dmp_read_fifo                          0x08005504   Section        0  inv_mpu_dmp_motion_driver.o(i.dmp_read_fifo)
    i.dmp_set_accel_bias                     0x080056d0   Section        0  inv_mpu_dmp_motion_driver.o(i.dmp_set_accel_bias)
    i.dmp_set_fifo_rate                      0x08005800   Section        0  inv_mpu_dmp_motion_driver.o(i.dmp_set_fifo_rate)
    i.dmp_set_gyro_bias                      0x08005870   Section        0  inv_mpu_dmp_motion_driver.o(i.dmp_set_gyro_bias)
    i.dmp_set_orientation                    0x080059a0   Section        0  inv_mpu_dmp_motion_driver.o(i.dmp_set_orientation)
    i.dmp_set_shake_reject_thresh            0x08005ad8   Section        0  inv_mpu_dmp_motion_driver.o(i.dmp_set_shake_reject_thresh)
    i.dmp_set_shake_reject_time              0x08005b10   Section        0  inv_mpu_dmp_motion_driver.o(i.dmp_set_shake_reject_time)
    i.dmp_set_shake_reject_timeout           0x08005b36   Section        0  inv_mpu_dmp_motion_driver.o(i.dmp_set_shake_reject_timeout)
    i.dmp_set_tap_axes                       0x08005b5c   Section        0  inv_mpu_dmp_motion_driver.o(i.dmp_set_tap_axes)
    i.dmp_set_tap_count                      0x08005ba2   Section        0  inv_mpu_dmp_motion_driver.o(i.dmp_set_tap_count)
    i.dmp_set_tap_thresh                     0x08005bc8   Section        0  inv_mpu_dmp_motion_driver.o(i.dmp_set_tap_thresh)
    i.dmp_set_tap_time                       0x08005d68   Section        0  inv_mpu_dmp_motion_driver.o(i.dmp_set_tap_time)
    i.dmp_set_tap_time_multi                 0x08005d8e   Section        0  inv_mpu_dmp_motion_driver.o(i.dmp_set_tap_time_multi)
    i.fputc                                  0x08005db4   Section        0  bsp_usart.o(i.fputc)
    i.get_accel_prod_shift                   0x08005dd8   Section        0  inv_mpu.o(i.get_accel_prod_shift)
    get_accel_prod_shift                     0x08005dd9   Thumb Code   168  inv_mpu.o(i.get_accel_prod_shift)
    i.get_st_biases                          0x08005e8c   Section        0  inv_mpu.o(i.get_st_biases)
    get_st_biases                            0x08005e8d   Thumb Code  1132  inv_mpu.o(i.get_st_biases)
    i.gyro_self_test                         0x080062fc   Section        0  inv_mpu.o(i.gyro_self_test)
    gyro_self_test                           0x080062fd   Thumb Code   256  inv_mpu.o(i.gyro_self_test)
    i.inv_orientation_matrix_to_scalar       0x0800640c   Section        0  mpu6050_dmp.o(i.inv_orientation_matrix_to_scalar)
    inv_orientation_matrix_to_scalar         0x0800640d   Thumb Code    40  mpu6050_dmp.o(i.inv_orientation_matrix_to_scalar)
    i.inv_row_2_scale                        0x08006434   Section        0  mpu6050_dmp.o(i.inv_row_2_scale)
    inv_row_2_scale                          0x08006435   Thumb Code    78  mpu6050_dmp.o(i.inv_row_2_scale)
    i.main                                   0x08006482   Section        0  main.o(i.main)
    i.mpu_configure_fifo                     0x08006500   Section        0  inv_mpu.o(i.mpu_configure_fifo)
    i.mpu_get_accel_fsr                      0x08006570   Section        0  inv_mpu.o(i.mpu_get_accel_fsr)
    i.mpu_get_accel_sens                     0x080065bc   Section        0  inv_mpu.o(i.mpu_get_accel_sens)
    i.mpu_get_fifo_config                    0x08006610   Section        0  inv_mpu.o(i.mpu_get_fifo_config)
    i.mpu_get_gyro_fsr                       0x08006620   Section        0  inv_mpu.o(i.mpu_get_gyro_fsr)
    i.mpu_get_gyro_sens                      0x08006664   Section        0  inv_mpu.o(i.mpu_get_gyro_sens)
    i.mpu_get_lpf                            0x080066b4   Section        0  inv_mpu.o(i.mpu_get_lpf)
    i.mpu_get_sample_rate                    0x08006704   Section        0  inv_mpu.o(i.mpu_get_sample_rate)
    i.mpu_init                               0x08006724   Section        0  inv_mpu.o(i.mpu_init)
    i.mpu_load_firmware                      0x08006914   Section        0  inv_mpu.o(i.mpu_load_firmware)
    i.mpu_lp_accel_mode                      0x080069cc   Section        0  inv_mpu.o(i.mpu_lp_accel_mode)
    i.mpu_read_fifo_stream                   0x08006aac   Section        0  inv_mpu.o(i.mpu_read_fifo_stream)
    i.mpu_read_mem                           0x08006b6c   Section        0  inv_mpu.o(i.mpu_read_mem)
    i.mpu_reset_fifo                         0x08006bec   Section        0  inv_mpu.o(i.mpu_reset_fifo)
    i.mpu_run_self_test                      0x08006da8   Section        0  inv_mpu.o(i.mpu_run_self_test)
    i.mpu_set_accel_fsr                      0x08006ec4   Section        0  inv_mpu.o(i.mpu_set_accel_fsr)
    i.mpu_set_bypass                         0x08006f48   Section        0  inv_mpu.o(i.mpu_set_bypass)
    i.mpu_set_dmp_state                      0x08007094   Section        0  inv_mpu.o(i.mpu_set_dmp_state)
    i.mpu_set_gyro_fsr                       0x08007124   Section        0  inv_mpu.o(i.mpu_set_gyro_fsr)
    i.mpu_set_int_latched                    0x080071ac   Section        0  inv_mpu.o(i.mpu_set_int_latched)
    i.mpu_set_lpf                            0x08007218   Section        0  inv_mpu.o(i.mpu_set_lpf)
    i.mpu_set_sample_rate                    0x0800729c   Section        0  inv_mpu.o(i.mpu_set_sample_rate)
    i.mpu_set_sensors                        0x08007338   Section        0  inv_mpu.o(i.mpu_set_sensors)
    i.mpu_write_mem                          0x08007408   Section        0  inv_mpu.o(i.mpu_write_mem)
    i.myget_ms                               0x08007488   Section        0  inv_mpu.o(i.myget_ms)
    i.run_self_test                          0x0800748a   Section        0  mpu6050_dmp.o(i.run_self_test)
    run_self_test                            0x0800748b   Thumb Code   144  mpu6050_dmp.o(i.run_self_test)
    i.set_int_enable                         0x0800751c   Section        0  inv_mpu.o(i.set_int_enable)
    set_int_enable                           0x0800751d   Thumb Code   138  inv_mpu.o(i.set_int_enable)
    i.sin                                    0x080075ac   Section        0  sin.o(i.sin)
    i.sqrt                                   0x0800764c   Section        0  sqrt.o(i.sqrt)
    i.tan                                    0x08007698   Section        0  tan.o(i.tan)
    .constdata                               0x080076fc   Section       80  inv_mpu.o(.constdata)
    .constdata                               0x0800774c   Section     3062  inv_mpu_dmp_motion_driver.o(.constdata)
    dmp_memory                               0x0800774c   Data        3062  inv_mpu_dmp_motion_driver.o(.constdata)
    .constdata                               0x08008348   Section       80  asin.o(.constdata)
    pS                                       0x08008348   Data          48  asin.o(.constdata)
    qS                                       0x08008378   Data          32  asin.o(.constdata)
    .constdata                               0x08008398   Section      152  atan.o(.constdata)
    atanhi                                   0x08008398   Data          32  atan.o(.constdata)
    atanlo                                   0x080083b8   Data          32  atan.o(.constdata)
    aTodd                                    0x080083d8   Data          40  atan.o(.constdata)
    aTeven                                   0x08008400   Data          48  atan.o(.constdata)
    .constdata                               0x08008430   Section       48  cos_i.o(.constdata)
    C                                        0x08008430   Data          48  cos_i.o(.constdata)
    .constdata                               0x08008460   Section        8  qnan.o(.constdata)
    .constdata                               0x08008468   Section      200  rred.o(.constdata)
    pio2s                                    0x08008468   Data          48  rred.o(.constdata)
    twooverpi                                0x08008498   Data         152  rred.o(.constdata)
    .constdata                               0x08008530   Section       40  sin_i.o(.constdata)
    S                                        0x08008530   Data          40  sin_i.o(.constdata)
    .constdata                               0x08008558   Section       96  tan_i.o(.constdata)
    Todd                                     0x08008558   Data          48  tan_i.o(.constdata)
    Teven                                    0x08008588   Data          48  tan_i.o(.constdata)
    .conststring                             0x080085b8   Section       78  inv_mpu.o(.conststring)
    .data                                    0x20000000   Section       20  stm32f10x_rcc.o(.data)
    APBAHBPrescTable                         0x20000000   Data          16  stm32f10x_rcc.o(.data)
    ADCPrescTable                            0x20000010   Data           4  stm32f10x_rcc.o(.data)
    .data                                    0x20000014   Section       42  main.o(.data)
    servo                                    0x2000003c   Data           2  main.o(.data)
    .data                                    0x2000003e   Section        2  stm32f10x_it.o(.data)
    uart2_rx_con                             0x2000003e   Data           1  stm32f10x_it.o(.data)
    uart2_rx_checksum                        0x2000003f   Data           1  stm32f10x_it.o(.data)
    .data                                    0x20000040   Section       52  kinematics.o(.data)
    wheel_velocity                           0x20000064   Data           8  kinematics.o(.data)
    servo_angle                              0x2000006c   Data           4  kinematics.o(.data)
    recv_count                               0x20000070   Data           4  kinematics.o(.data)
    .data                                    0x20000074   Section       36  pid.o(.data)
    motor_pwm_out                            0x2000007a   Data           2  pid.o(.data)
    bias                                     0x2000007c   Data           4  pid.o(.data)
    bias_last                                0x20000080   Data           4  pid.o(.data)
    bias_integral                            0x20000084   Data           4  pid.o(.data)
    motor_pwm_out                            0x20000088   Data           2  pid.o(.data)
    bias                                     0x2000008c   Data           4  pid.o(.data)
    bias_last                                0x20000090   Data           4  pid.o(.data)
    bias_integral                            0x20000094   Data           4  pid.o(.data)
    .data                                    0x20000098   Section       41  mpu6050_dmp.o(.data)
    gyro_orientation                         0x200000b8   Data           9  mpu6050_dmp.o(.data)
    .data                                    0x200000c4   Section       44  inv_mpu.o(.data)
    st                                       0x200000c4   Data          44  inv_mpu.o(.data)
    .data                                    0x200000f0   Section        1  tim.o(.data)
    .data                                    0x200000f4   Section        4  stdout.o(.data)
    .data                                    0x200000f8   Section        4  errno.o(.data)
    _errno                                   0x200000f8   Data           4  errno.o(.data)
    .bss                                     0x200000fc   Section       73  main.o(.bss)
    comdata                                  0x2000011c   Data          41  main.o(.bss)
    .bss                                     0x20000145   Section       60  stm32f10x_it.o(.bss)
    uart2_rx_buf                             0x20000145   Data          60  stm32f10x_it.o(.bss)
    .bss                                     0x20000181   Section       60  bsp_usart.o(.bss)
    uart2_tx_buf                             0x20000181   Data          60  bsp_usart.o(.bss)
    .bss                                     0x200001c0   Section       40  kinematics.o(.bss)
    delta_count                              0x200001c0   Data          16  kinematics.o(.bss)
    delta_v_ave                              0x200001d0   Data          24  kinematics.o(.bss)
    .bss                                     0x200001e8   Section       16  inv_mpu_dmp_motion_driver.o(.bss)
    dmp                                      0x200001e8   Data          16  inv_mpu_dmp_motion_driver.o(.bss)
    STACK                                    0x200001f8   Section     1024  startup_stm32f10x_hd.o(STACK)

    Global Symbols

    Symbol Name                              Value     Ov Type        Size  Object(Section)

    BuildAttributes$$THM_ISAv4$P$D$K$B$S$PE$A:L22UL41UL21$X:L11$S22US41US21$IEEE1$IW$USESV6$~STKCKD$USESV7$~SHL$OTIME$ROPI$IEEEX$EBA8$MICROLIB$REQ8$PRES8$EABIv2 0x00000000   Number         0  anon$$obj.o ABSOLUTE
    __ARM_use_no_argv                        0x00000000   Number         0  main.o ABSOLUTE
    _printf_a                                0x00000000   Number         0  stubs.o ABSOLUTE
    _printf_c                                0x00000000   Number         0  stubs.o ABSOLUTE
    _printf_charcount                        0x00000000   Number         0  stubs.o ABSOLUTE
    _printf_d                                0x00000000   Number         0  stubs.o ABSOLUTE
    _printf_e                                0x00000000   Number         0  stubs.o ABSOLUTE
    _printf_f                                0x00000000   Number         0  stubs.o ABSOLUTE
    _printf_flags                            0x00000000   Number         0  stubs.o ABSOLUTE
    _printf_fp_dec                           0x00000000   Number         0  stubs.o ABSOLUTE
    _printf_fp_hex                           0x00000000   Number         0  stubs.o ABSOLUTE
    _printf_g                                0x00000000   Number         0  stubs.o ABSOLUTE
    _printf_i                                0x00000000   Number         0  stubs.o ABSOLUTE
    _printf_int_dec                          0x00000000   Number         0  stubs.o ABSOLUTE
    _printf_l                                0x00000000   Number         0  stubs.o ABSOLUTE
    _printf_lc                               0x00000000   Number         0  stubs.o ABSOLUTE
    _printf_ll                               0x00000000   Number         0  stubs.o ABSOLUTE
    _printf_lld                              0x00000000   Number         0  stubs.o ABSOLUTE
    _printf_lli                              0x00000000   Number         0  stubs.o ABSOLUTE
    _printf_llo                              0x00000000   Number         0  stubs.o ABSOLUTE
    _printf_llu                              0x00000000   Number         0  stubs.o ABSOLUTE
    _printf_llx                              0x00000000   Number         0  stubs.o ABSOLUTE
    _printf_longlong_dec                     0x00000000   Number         0  stubs.o ABSOLUTE
    _printf_longlong_hex                     0x00000000   Number         0  stubs.o ABSOLUTE
    _printf_longlong_oct                     0x00000000   Number         0  stubs.o ABSOLUTE
    _printf_ls                               0x00000000   Number         0  stubs.o ABSOLUTE
    _printf_mbtowc                           0x00000000   Number         0  stubs.o ABSOLUTE
    _printf_n                                0x00000000   Number         0  stubs.o ABSOLUTE
    _printf_o                                0x00000000   Number         0  stubs.o ABSOLUTE
    _printf_p                                0x00000000   Number         0  stubs.o ABSOLUTE
    _printf_percent                          0x00000000   Number         0  stubs.o ABSOLUTE
    _printf_pre_padding                      0x00000000   Number         0  stubs.o ABSOLUTE
    _printf_return_value                     0x00000000   Number         0  stubs.o ABSOLUTE
    _printf_s                                0x00000000   Number         0  stubs.o ABSOLUTE
    _printf_sizespec                         0x00000000   Number         0  stubs.o ABSOLUTE
    _printf_str                              0x00000000   Number         0  stubs.o ABSOLUTE
    _printf_truncate_signed                  0x00000000   Number         0  stubs.o ABSOLUTE
    _printf_truncate_unsigned                0x00000000   Number         0  stubs.o ABSOLUTE
    _printf_u                                0x00000000   Number         0  stubs.o ABSOLUTE
    _printf_wc                               0x00000000   Number         0  stubs.o ABSOLUTE
    _printf_wctomb                           0x00000000   Number         0  stubs.o ABSOLUTE
    _printf_widthprec                        0x00000000   Number         0  stubs.o ABSOLUTE
    _printf_x                                0x00000000   Number         0  stubs.o ABSOLUTE
    __cpp_initialize__aeabi_                  - Undefined Weak Reference
    __cxa_finalize                            - Undefined Weak Reference
    __decompress                              - Undefined Weak Reference
    _clock_init                               - Undefined Weak Reference
    _microlib_exit                            - Undefined Weak Reference
    __Vectors_Size                           0x00000130   Number         0  startup_stm32f10x_hd.o ABSOLUTE
    __Vectors                                0x08000000   Data           4  startup_stm32f10x_hd.o(RESET)
    __Vectors_End                            0x08000130   Data           0  startup_stm32f10x_hd.o(RESET)
    __main                                   0x08000131   Thumb Code     0  entry.o(.ARM.Collect$$$$00000000)
    _main_stk                                0x08000131   Thumb Code     0  entry2.o(.ARM.Collect$$$$00000001)
    _main_scatterload                        0x08000135   Thumb Code     0  entry5.o(.ARM.Collect$$$$00000004)
    __main_after_scatterload                 0x08000139   Thumb Code     0  entry5.o(.ARM.Collect$$$$00000004)
    _main_clock                              0x08000139   Thumb Code     0  entry7b.o(.ARM.Collect$$$$00000008)
    _main_cpp_init                           0x08000139   Thumb Code     0  entry8b.o(.ARM.Collect$$$$0000000A)
    _main_init                               0x08000139   Thumb Code     0  entry9a.o(.ARM.Collect$$$$0000000B)
    __rt_final_cpp                           0x08000141   Thumb Code     0  entry10a.o(.ARM.Collect$$$$0000000D)
    __rt_final_exit                          0x08000141   Thumb Code     0  entry11a.o(.ARM.Collect$$$$0000000F)
    Reset_Handler                            0x08000145   Thumb Code     8  startup_stm32f10x_hd.o(.text)
    ADC1_2_IRQHandler                        0x0800015f   Thumb Code     0  startup_stm32f10x_hd.o(.text)
    ADC3_IRQHandler                          0x0800015f   Thumb Code     0  startup_stm32f10x_hd.o(.text)
    CAN1_RX1_IRQHandler                      0x0800015f   Thumb Code     0  startup_stm32f10x_hd.o(.text)
    CAN1_SCE_IRQHandler                      0x0800015f   Thumb Code     0  startup_stm32f10x_hd.o(.text)
    DMA1_Channel1_IRQHandler                 0x0800015f   Thumb Code     0  startup_stm32f10x_hd.o(.text)
    DMA1_Channel2_IRQHandler                 0x0800015f   Thumb Code     0  startup_stm32f10x_hd.o(.text)
    DMA1_Channel3_IRQHandler                 0x0800015f   Thumb Code     0  startup_stm32f10x_hd.o(.text)
    DMA1_Channel4_IRQHandler                 0x0800015f   Thumb Code     0  startup_stm32f10x_hd.o(.text)
    DMA1_Channel5_IRQHandler                 0x0800015f   Thumb Code     0  startup_stm32f10x_hd.o(.text)
    DMA1_Channel6_IRQHandler                 0x0800015f   Thumb Code     0  startup_stm32f10x_hd.o(.text)
    DMA1_Channel7_IRQHandler                 0x0800015f   Thumb Code     0  startup_stm32f10x_hd.o(.text)
    DMA2_Channel1_IRQHandler                 0x0800015f   Thumb Code     0  startup_stm32f10x_hd.o(.text)
    DMA2_Channel2_IRQHandler                 0x0800015f   Thumb Code     0  startup_stm32f10x_hd.o(.text)
    DMA2_Channel3_IRQHandler                 0x0800015f   Thumb Code     0  startup_stm32f10x_hd.o(.text)
    DMA2_Channel4_5_IRQHandler               0x0800015f   Thumb Code     0  startup_stm32f10x_hd.o(.text)
    EXTI0_IRQHandler                         0x0800015f   Thumb Code     0  startup_stm32f10x_hd.o(.text)
    EXTI15_10_IRQHandler                     0x0800015f   Thumb Code     0  startup_stm32f10x_hd.o(.text)
    EXTI1_IRQHandler                         0x0800015f   Thumb Code     0  startup_stm32f10x_hd.o(.text)
    EXTI2_IRQHandler                         0x0800015f   Thumb Code     0  startup_stm32f10x_hd.o(.text)
    EXTI3_IRQHandler                         0x0800015f   Thumb Code     0  startup_stm32f10x_hd.o(.text)
    EXTI4_IRQHandler                         0x0800015f   Thumb Code     0  startup_stm32f10x_hd.o(.text)
    EXTI9_5_IRQHandler                       0x0800015f   Thumb Code     0  startup_stm32f10x_hd.o(.text)
    FLASH_IRQHandler                         0x0800015f   Thumb Code     0  startup_stm32f10x_hd.o(.text)
    FSMC_IRQHandler                          0x0800015f   Thumb Code     0  startup_stm32f10x_hd.o(.text)
    I2C1_ER_IRQHandler                       0x0800015f   Thumb Code     0  startup_stm32f10x_hd.o(.text)
    I2C1_EV_IRQHandler                       0x0800015f   Thumb Code     0  startup_stm32f10x_hd.o(.text)
    I2C2_ER_IRQHandler                       0x0800015f   Thumb Code     0  startup_stm32f10x_hd.o(.text)
    I2C2_EV_IRQHandler                       0x0800015f   Thumb Code     0  startup_stm32f10x_hd.o(.text)
    PVD_IRQHandler                           0x0800015f   Thumb Code     0  startup_stm32f10x_hd.o(.text)
    RCC_IRQHandler                           0x0800015f   Thumb Code     0  startup_stm32f10x_hd.o(.text)
    RTCAlarm_IRQHandler                      0x0800015f   Thumb Code     0  startup_stm32f10x_hd.o(.text)
    RTC_IRQHandler                           0x0800015f   Thumb Code     0  startup_stm32f10x_hd.o(.text)
    SDIO_IRQHandler                          0x0800015f   Thumb Code     0  startup_stm32f10x_hd.o(.text)
    SPI1_IRQHandler                          0x0800015f   Thumb Code     0  startup_stm32f10x_hd.o(.text)
    SPI2_IRQHandler                          0x0800015f   Thumb Code     0  startup_stm32f10x_hd.o(.text)
    SPI3_IRQHandler                          0x0800015f   Thumb Code     0  startup_stm32f10x_hd.o(.text)
    TAMPER_IRQHandler                        0x0800015f   Thumb Code     0  startup_stm32f10x_hd.o(.text)
    TIM1_BRK_IRQHandler                      0x0800015f   Thumb Code     0  startup_stm32f10x_hd.o(.text)
    TIM1_CC_IRQHandler                       0x0800015f   Thumb Code     0  startup_stm32f10x_hd.o(.text)
    TIM1_TRG_COM_IRQHandler                  0x0800015f   Thumb Code     0  startup_stm32f10x_hd.o(.text)
    TIM1_UP_IRQHandler                       0x0800015f   Thumb Code     0  startup_stm32f10x_hd.o(.text)
    TIM2_IRQHandler                          0x0800015f   Thumb Code     0  startup_stm32f10x_hd.o(.text)
    TIM3_IRQHandler                          0x0800015f   Thumb Code     0  startup_stm32f10x_hd.o(.text)
    TIM4_IRQHandler                          0x0800015f   Thumb Code     0  startup_stm32f10x_hd.o(.text)
    TIM5_IRQHandler                          0x0800015f   Thumb Code     0  startup_stm32f10x_hd.o(.text)
    TIM7_IRQHandler                          0x0800015f   Thumb Code     0  startup_stm32f10x_hd.o(.text)
    TIM8_BRK_IRQHandler                      0x0800015f   Thumb Code     0  startup_stm32f10x_hd.o(.text)
    TIM8_CC_IRQHandler                       0x0800015f   Thumb Code     0  startup_stm32f10x_hd.o(.text)
    TIM8_TRG_COM_IRQHandler                  0x0800015f   Thumb Code     0  startup_stm32f10x_hd.o(.text)
    TIM8_UP_IRQHandler                       0x0800015f   Thumb Code     0  startup_stm32f10x_hd.o(.text)
    UART4_IRQHandler                         0x0800015f   Thumb Code     0  startup_stm32f10x_hd.o(.text)
    UART5_IRQHandler                         0x0800015f   Thumb Code     0  startup_stm32f10x_hd.o(.text)
    USART1_IRQHandler                        0x0800015f   Thumb Code     0  startup_stm32f10x_hd.o(.text)
    USART3_IRQHandler                        0x0800015f   Thumb Code     0  startup_stm32f10x_hd.o(.text)
    USBWakeUp_IRQHandler                     0x0800015f   Thumb Code     0  startup_stm32f10x_hd.o(.text)
    USB_HP_CAN1_TX_IRQHandler                0x0800015f   Thumb Code     0  startup_stm32f10x_hd.o(.text)
    USB_LP_CAN1_RX0_IRQHandler               0x0800015f   Thumb Code     0  startup_stm32f10x_hd.o(.text)
    WWDG_IRQHandler                          0x0800015f   Thumb Code     0  startup_stm32f10x_hd.o(.text)
    __aeabi_ldivmod                          0x08000169   Thumb Code    98  ldiv.o(.text)
    __aeabi_memset                           0x080001cb   Thumb Code    14  memseta.o(.text)
    __aeabi_memset4                          0x080001cb   Thumb Code     0  memseta.o(.text)
    __aeabi_memset8                          0x080001cb   Thumb Code     0  memseta.o(.text)
    __aeabi_memclr                           0x080001d9   Thumb Code     4  memseta.o(.text)
    __aeabi_memclr4                          0x080001d9   Thumb Code     0  memseta.o(.text)
    __aeabi_memclr8                          0x080001d9   Thumb Code     0  memseta.o(.text)
    _memset$wrapper                          0x080001dd   Thumb Code    18  memseta.o(.text)
    memcmp                                   0x080001ef   Thumb Code    26  memcmp.o(.text)
    __aeabi_fadd                             0x08000209   Thumb Code   164  fadd.o(.text)
    __aeabi_fsub                             0x080002ad   Thumb Code     6  fadd.o(.text)
    __aeabi_frsub                            0x080002b3   Thumb Code     6  fadd.o(.text)
    __aeabi_fmul                             0x080002b9   Thumb Code   100  fmul.o(.text)
    __aeabi_fdiv                             0x0800031d   Thumb Code   124  fdiv.o(.text)
    __aeabi_dadd                             0x08000399   Thumb Code   322  dadd.o(.text)
    __aeabi_dsub                             0x080004db   Thumb Code     6  dadd.o(.text)
    __aeabi_drsub                            0x080004e1   Thumb Code     6  dadd.o(.text)
    __aeabi_dmul                             0x080004e7   Thumb Code   228  dmul.o(.text)
    __aeabi_ddiv                             0x080005cb   Thumb Code   222  ddiv.o(.text)
    __aeabi_i2f                              0x080006a9   Thumb Code    18  fflti.o(.text)
    __aeabi_ui2f                             0x080006bb   Thumb Code    10  ffltui.o(.text)
    __aeabi_i2d                              0x080006c5   Thumb Code    34  dflti.o(.text)
    __aeabi_f2iz                             0x080006e7   Thumb Code    50  ffixi.o(.text)
    __aeabi_f2uiz                            0x08000719   Thumb Code    40  ffixui.o(.text)
    __aeabi_d2iz                             0x08000741   Thumb Code    62  dfixi.o(.text)
    __aeabi_f2d                              0x0800077f   Thumb Code    38  f2d.o(.text)
    __aeabi_cdcmpeq                          0x080007a5   Thumb Code     0  cdcmple.o(.text)
    __aeabi_cdcmple                          0x080007a5   Thumb Code    48  cdcmple.o(.text)
    __aeabi_cdrcmple                         0x080007d5   Thumb Code    48  cdrcmple.o(.text)
    __aeabi_d2f                              0x08000805   Thumb Code    56  d2f.o(.text)
    __aeabi_cfcmpeq                          0x0800083d   Thumb Code     0  cfcmple.o(.text)
    __aeabi_cfcmple                          0x0800083d   Thumb Code    20  cfcmple.o(.text)
    __aeabi_cfrcmple                         0x08000851   Thumb Code    20  cfrcmple.o(.text)
    __aeabi_uidiv                            0x08000865   Thumb Code     0  uidiv.o(.text)
    __aeabi_uidivmod                         0x08000865   Thumb Code    44  uidiv.o(.text)
    __aeabi_uldivmod                         0x08000891   Thumb Code    98  uldiv.o(.text)
    __aeabi_llsl                             0x080008f3   Thumb Code    30  llshl.o(.text)
    _ll_shift_l                              0x080008f3   Thumb Code     0  llshl.o(.text)
    __aeabi_llsr                             0x08000911   Thumb Code    32  llushr.o(.text)
    _ll_ushift_r                             0x08000911   Thumb Code     0  llushr.o(.text)
    __aeabi_lasr                             0x08000931   Thumb Code    36  llsshr.o(.text)
    _ll_sshift_r                             0x08000931   Thumb Code     0  llsshr.o(.text)
    __I$use$fp                               0x08000955   Thumb Code     0  iusefp.o(.text)
    _float_round                             0x08000955   Thumb Code    18  fepilogue.o(.text)
    _float_epilogue                          0x08000967   Thumb Code    92  fepilogue.o(.text)
    _double_round                            0x080009c3   Thumb Code    30  depilogue.o(.text)
    _double_epilogue                         0x080009e1   Thumb Code   156  depilogue.o(.text)
    __ARM_scalbn                             0x08000a7d   Thumb Code    46  dscalb.o(.text)
    scalbn                                   0x08000a7d   Thumb Code     0  dscalb.o(.text)
    __aeabi_d2ulz                            0x08000aab   Thumb Code    48  dfixul.o(.text)
    __scatterload                            0x08000add   Thumb Code    28  init.o(.text)
    __scatterload_rt2                        0x08000add   Thumb Code     0  init.o(.text)
    _dsqrt                                   0x08000b01   Thumb Code   162  dsqrt.o(.text)
    __aeabi_ui2d                             0x08000ba3   Thumb Code    26  dfltui.o(.text)
    AX_ENCODER_A_GetCounter                  0x08000bbd   Thumb Code    10  encoder.o(i.AX_ENCODER_A_GetCounter)
    AX_ENCODER_A_SetCounter                  0x08000bcd   Thumb Code     6  encoder.o(i.AX_ENCODER_A_SetCounter)
    AX_ENCODER_B_GetCounter                  0x08000bd9   Thumb Code    10  encoder.o(i.AX_ENCODER_B_GetCounter)
    AX_ENCODER_B_SetCounter                  0x08000be9   Thumb Code     6  encoder.o(i.AX_ENCODER_B_SetCounter)
    AX_ENCODER_Init                          0x08000bf5   Thumb Code   266  encoder.o(i.AX_ENCODER_Init)
    AX_JTAG_Set                              0x08000d11   Thumb Code    38  sys.o(i.AX_JTAG_Set)
    AX_Kinematics_Forward                    0x08000d41   Thumb Code   750  kinematics.o(i.AX_Kinematics_Forward)
    AX_Kinematics_Init                       0x08001089   Thumb Code    92  kinematics.o(i.AX_Kinematics_Init)
    AX_Kinematics_Inverse                    0x08001105   Thumb Code   494  kinematics.o(i.AX_Kinematics_Inverse)
    AX_MOTOR_A_SetSpeed                      0x08001339   Thumb Code    92  motor.o(i.AX_MOTOR_A_SetSpeed)
    AX_MOTOR_B_SetSpeed                      0x0800139d   Thumb Code    92  motor.o(i.AX_MOTOR_B_SetSpeed)
    AX_MOTOR_Init                            0x08001401   Thumb Code   260  motor.o(i.AX_MOTOR_Init)
    AX_MPU6050_DMP_GetData                   0x08001511   Thumb Code   634  mpu6050_dmp.o(i.AX_MPU6050_DMP_GetData)
    AX_MPU6050_DMP_Init                      0x080017b5   Thumb Code   152  mpu6050_dmp.o(i.AX_MPU6050_DMP_Init)
    AX_MPU6050_Init                          0x08001939   Thumb Code    62  mpu6050.o(i.AX_MPU6050_Init)
    AX_PID_MotorVelocityCtlA                 0x08001979   Thumb Code   184  pid.o(i.AX_PID_MotorVelocityCtlA)
    AX_PID_MotorVelocityCtlB                 0x08001a61   Thumb Code   158  pid.o(i.AX_PID_MotorVelocityCtlB)
    AX_SERVO_S12_Init                        0x08001b21   Thumb Code   188  servo.o(i.AX_SERVO_S12_Init)
    AX_SERVO_S1_SetAngle                     0x08001be9   Thumb Code    60  servo.o(i.AX_SERVO_S1_SetAngle)
    BusFault_Handler                         0x08001c2d   Thumb Code     4  stm32f10x_it.o(i.BusFault_Handler)
    DELAY_Init                               0x08001c31   Thumb Code    12  delay.o(i.DELAY_Init)
    DebugMon_Handler                         0x08001c3d   Thumb Code     2  stm32f10x_it.o(i.DebugMon_Handler)
    Delayms                                  0x08001c87   Thumb Code    56  delay.o(i.Delayms)
    Delayus                                  0x08001cbf   Thumb Code    70  delay.o(i.Delayus)
    GPIO_Init                                0x08001d05   Thumb Code   278  stm32f10x_gpio.o(i.GPIO_Init)
    GPIO_PinRemapConfig                      0x08001e1d   Thumb Code   138  stm32f10x_gpio.o(i.GPIO_PinRemapConfig)
    GPIO_ResetBits                           0x08001ead   Thumb Code     4  stm32f10x_gpio.o(i.GPIO_ResetBits)
    GPIO_SetBits                             0x08001eb1   Thumb Code     4  stm32f10x_gpio.o(i.GPIO_SetBits)
    GetImuData                               0x08001eb5   Thumb Code    10  main.o(i.GetImuData)
    HardFault_Handler                        0x08001ec5   Thumb Code     4  stm32f10x_it.o(i.HardFault_Handler)
    MPU6050_I2C_Read                         0x0800218d   Thumb Code   118  mpu6050.o(i.MPU6050_I2C_Read)
    MPU6050_I2C_Write                        0x08002203   Thumb Code    96  mpu6050.o(i.MPU6050_I2C_Write)
    MemManage_Handler                        0x08002275   Thumb Code     4  stm32f10x_it.o(i.MemManage_Handler)
    MoveCtl                                  0x08002279   Thumb Code   270  main.o(i.MoveCtl)
    NMI_Handler                              0x080023fd   Thumb Code     2  stm32f10x_it.o(i.NMI_Handler)
    NVIC_Init                                0x08002401   Thumb Code   100  misc.o(i.NVIC_Init)
    NVIC_PriorityGroupConfig                 0x08002471   Thumb Code    10  misc.o(i.NVIC_PriorityGroupConfig)
    PendSV_Handler                           0x08002485   Thumb Code     2  stm32f10x_it.o(i.PendSV_Handler)
    RCC_APB1PeriphClockCmd                   0x08002489   Thumb Code    26  stm32f10x_rcc.o(i.RCC_APB1PeriphClockCmd)
    RCC_APB1PeriphResetCmd                   0x080024a9   Thumb Code    26  stm32f10x_rcc.o(i.RCC_APB1PeriphResetCmd)
    RCC_APB2PeriphClockCmd                   0x080024c9   Thumb Code    26  stm32f10x_rcc.o(i.RCC_APB2PeriphClockCmd)
    RCC_APB2PeriphResetCmd                   0x080024e9   Thumb Code    26  stm32f10x_rcc.o(i.RCC_APB2PeriphResetCmd)
    RCC_GetClocksFreq                        0x08002509   Thumb Code   192  stm32f10x_rcc.o(i.RCC_GetClocksFreq)
    SVC_Handler                              0x080025dd   Thumb Code     2  stm32f10x_it.o(i.SVC_Handler)
    SendData                                 0x080025e1   Thumb Code   312  main.o(i.SendData)
    SysTick_CLKSourceConfig                  0x08002819   Thumb Code    40  misc.o(i.SysTick_CLKSourceConfig)
    SysTick_Handler                          0x08002841   Thumb Code     2  stm32f10x_it.o(i.SysTick_Handler)
    SystemInit                               0x08002845   Thumb Code    78  system_stm32f10x.o(i.SystemInit)
    TIM6_CheckIrqStatus                      0x08002ae5   Thumb Code    20  tim.o(i.TIM6_CheckIrqStatus)
    TIM6_IRQHandler                          0x08002afd   Thumb Code    28  tim.o(i.TIM6_IRQHandler)
    TIM6_Init                                0x08002b21   Thumb Code   100  tim.o(i.TIM6_Init)
    TIM_ARRPreloadConfig                     0x08002b89   Thumb Code    24  stm32f10x_tim.o(i.TIM_ARRPreloadConfig)
    TIM_ClearFlag                            0x08002ba1   Thumb Code     6  stm32f10x_tim.o(i.TIM_ClearFlag)
    TIM_ClearITPendingBit                    0x08002ba7   Thumb Code     6  stm32f10x_tim.o(i.TIM_ClearITPendingBit)
    TIM_Cmd                                  0x08002bad   Thumb Code    24  stm32f10x_tim.o(i.TIM_Cmd)
    TIM_CtrlPWMOutputs                       0x08002bc5   Thumb Code    30  stm32f10x_tim.o(i.TIM_CtrlPWMOutputs)
    TIM_DeInit                               0x08002be5   Thumb Code   424  stm32f10x_tim.o(i.TIM_DeInit)
    TIM_EncoderInterfaceConfig               0x08002dcd   Thumb Code    66  stm32f10x_tim.o(i.TIM_EncoderInterfaceConfig)
    TIM_GetCounter                           0x08002e0f   Thumb Code     6  stm32f10x_tim.o(i.TIM_GetCounter)
    TIM_GetITStatus                          0x08002e15   Thumb Code    34  stm32f10x_tim.o(i.TIM_GetITStatus)
    TIM_ICInit                               0x08002e39   Thumb Code   150  stm32f10x_tim.o(i.TIM_ICInit)
    TIM_ICStructInit                         0x08002ee5   Thumb Code    18  stm32f10x_tim.o(i.TIM_ICStructInit)
    TIM_ITConfig                             0x08002ef7   Thumb Code    18  stm32f10x_tim.o(i.TIM_ITConfig)
    TIM_OC1Init                              0x08002f09   Thumb Code   132  stm32f10x_tim.o(i.TIM_OC1Init)
    TIM_OC1PreloadConfig                     0x08002fa1   Thumb Code    18  stm32f10x_tim.o(i.TIM_OC1PreloadConfig)
    TIM_OC2Init                              0x08002fb5   Thumb Code   154  stm32f10x_tim.o(i.TIM_OC2Init)
    TIM_OC2PreloadConfig                     0x08003059   Thumb Code    26  stm32f10x_tim.o(i.TIM_OC2PreloadConfig)
    TIM_OC3Init                              0x08003075   Thumb Code   150  stm32f10x_tim.o(i.TIM_OC3Init)
    TIM_OC3PreloadConfig                     0x08003115   Thumb Code    18  stm32f10x_tim.o(i.TIM_OC3PreloadConfig)
    TIM_OC4Init                              0x08003129   Thumb Code   114  stm32f10x_tim.o(i.TIM_OC4Init)
    TIM_OC4PreloadConfig                     0x080031a5   Thumb Code    26  stm32f10x_tim.o(i.TIM_OC4PreloadConfig)
    TIM_SetCompare1                          0x080031bf   Thumb Code     4  stm32f10x_tim.o(i.TIM_SetCompare1)
    TIM_SetCompare2                          0x080031c3   Thumb Code     4  stm32f10x_tim.o(i.TIM_SetCompare2)
    TIM_SetIC1Prescaler                      0x080031c7   Thumb Code    18  stm32f10x_tim.o(i.TIM_SetIC1Prescaler)
    TIM_SetIC2Prescaler                      0x080031d9   Thumb Code    26  stm32f10x_tim.o(i.TIM_SetIC2Prescaler)
    TIM_SetIC3Prescaler                      0x080031f3   Thumb Code    18  stm32f10x_tim.o(i.TIM_SetIC3Prescaler)
    TIM_SetIC4Prescaler                      0x08003205   Thumb Code    26  stm32f10x_tim.o(i.TIM_SetIC4Prescaler)
    TIM_TimeBaseInit                         0x08003221   Thumb Code   122  stm32f10x_tim.o(i.TIM_TimeBaseInit)
    TIM_TimeBaseStructInit                   0x080032c5   Thumb Code    18  stm32f10x_tim.o(i.TIM_TimeBaseStructInit)
    UART_SendPacket                          0x080032d9   Thumb Code   134  bsp_usart.o(i.UART_SendPacket)
    USART1_Config                            0x08003369   Thumb Code   120  bsp_usart.o(i.USART1_Config)
    USART2_Config                            0x080033e9   Thumb Code   162  bsp_usart.o(i.USART2_Config)
    USART2_IRQHandler                        0x08003495   Thumb Code   496  stm32f10x_it.o(i.USART2_IRQHandler)
    USART_Cmd                                0x080036c1   Thumb Code    24  stm32f10x_usart.o(i.USART_Cmd)
    USART_GetFlagStatus                      0x080036d9   Thumb Code    26  stm32f10x_usart.o(i.USART_GetFlagStatus)
    USART_GetITStatus                        0x080036f3   Thumb Code    84  stm32f10x_usart.o(i.USART_GetITStatus)
    USART_ITConfig                           0x08003747   Thumb Code    74  stm32f10x_usart.o(i.USART_ITConfig)
    USART_Init                               0x08003791   Thumb Code   210  stm32f10x_usart.o(i.USART_Init)
    USART_ReceiveData                        0x08003869   Thumb Code    10  stm32f10x_usart.o(i.USART_ReceiveData)
    USART_SendData                           0x08003873   Thumb Code     8  stm32f10x_usart.o(i.USART_SendData)
    UsageFault_Handler                       0x0800387b   Thumb Code     4  stm32f10x_it.o(i.UsageFault_Handler)
    __0printf                                0x08003881   Thumb Code    22  printfa.o(i.__0printf)
    __1printf                                0x08003881   Thumb Code     0  printfa.o(i.__0printf)
    __2printf                                0x08003881   Thumb Code     0  printfa.o(i.__0printf)
    __c89printf                              0x08003881   Thumb Code     0  printfa.o(i.__0printf)
    printf                                   0x08003881   Thumb Code     0  printfa.o(i.__0printf)
    __ARM_fpclassify                         0x080038a1   Thumb Code    40  fpclassify.o(i.__ARM_fpclassify)
    __ieee754_rem_pio2                       0x080038c9   Thumb Code   828  rred.o(i.__ieee754_rem_pio2)
    __kernel_cos                             0x08003c51   Thumb Code   230  cos_i.o(i.__kernel_cos)
    __kernel_poly                            0x08003d4d   Thumb Code   170  poly.o(i.__kernel_poly)
    __kernel_sin                             0x08003df9   Thumb Code   224  sin_i.o(i.__kernel_sin)
    __kernel_tan                             0x08003ee5   Thumb Code   586  tan_i.o(i.__kernel_tan)
    __mathlib_dbl_infnan                     0x08004161   Thumb Code     6  dunder.o(i.__mathlib_dbl_infnan)
    __mathlib_dbl_infnan2                    0x08004167   Thumb Code     4  dunder.o(i.__mathlib_dbl_infnan2)
    __mathlib_dbl_invalid                    0x0800416b   Thumb Code    12  dunder.o(i.__mathlib_dbl_invalid)
    __mathlib_dbl_underflow                  0x08004179   Thumb Code    10  dunder.o(i.__mathlib_dbl_underflow)
    __scatterload_copy                       0x08004189   Thumb Code    14  handlers.o(i.__scatterload_copy)
    __scatterload_null                       0x08004197   Thumb Code     2  handlers.o(i.__scatterload_null)
    __scatterload_zeroinit                   0x08004199   Thumb Code    14  handlers.o(i.__scatterload_zeroinit)
    __set_errno                              0x080041a9   Thumb Code     6  errno.o(i.__set_errno)
    asin                                     0x08004af1   Thumb Code   572  asin.o(i.asin)
    atan                                     0x08004d61   Thumb Code   474  atan.o(i.atan)
    atan2                                    0x08004f81   Thumb Code   346  atan2.o(i.atan2)
    cos                                      0x08005101   Thumb Code   148  cos.o(i.cos)
    dmp_enable_6x_lp_quat                    0x08005201   Thumb Code    60  inv_mpu_dmp_motion_driver.o(i.dmp_enable_6x_lp_quat)
    dmp_enable_feature                       0x0800523d   Thumb Code   530  inv_mpu_dmp_motion_driver.o(i.dmp_enable_feature)
    dmp_enable_gyro_cal                      0x08005459   Thumb Code    62  inv_mpu_dmp_motion_driver.o(i.dmp_enable_gyro_cal)
    dmp_enable_lp_quat                       0x080054b1   Thumb Code    60  inv_mpu_dmp_motion_driver.o(i.dmp_enable_lp_quat)
    dmp_load_motion_driver_firmware          0x080054ed   Thumb Code    20  inv_mpu_dmp_motion_driver.o(i.dmp_load_motion_driver_firmware)
    dmp_read_fifo                            0x08005505   Thumb Code   456  inv_mpu_dmp_motion_driver.o(i.dmp_read_fifo)
    dmp_set_accel_bias                       0x080056d1   Thumb Code   300  inv_mpu_dmp_motion_driver.o(i.dmp_set_accel_bias)
    dmp_set_fifo_rate                        0x08005801   Thumb Code    96  inv_mpu_dmp_motion_driver.o(i.dmp_set_fifo_rate)
    dmp_set_gyro_bias                        0x08005871   Thumb Code   294  inv_mpu_dmp_motion_driver.o(i.dmp_set_gyro_bias)
    dmp_set_orientation                      0x080059a1   Thumb Code   290  inv_mpu_dmp_motion_driver.o(i.dmp_set_orientation)
    dmp_set_shake_reject_thresh              0x08005ad9   Thumb Code    56  inv_mpu_dmp_motion_driver.o(i.dmp_set_shake_reject_thresh)
    dmp_set_shake_reject_time                0x08005b11   Thumb Code    38  inv_mpu_dmp_motion_driver.o(i.dmp_set_shake_reject_time)
    dmp_set_shake_reject_timeout             0x08005b37   Thumb Code    38  inv_mpu_dmp_motion_driver.o(i.dmp_set_shake_reject_timeout)
    dmp_set_tap_axes                         0x08005b5d   Thumb Code    70  inv_mpu_dmp_motion_driver.o(i.dmp_set_tap_axes)
    dmp_set_tap_count                        0x08005ba3   Thumb Code    38  inv_mpu_dmp_motion_driver.o(i.dmp_set_tap_count)
    dmp_set_tap_thresh                       0x08005bc9   Thumb Code   396  inv_mpu_dmp_motion_driver.o(i.dmp_set_tap_thresh)
    dmp_set_tap_time                         0x08005d69   Thumb Code    38  inv_mpu_dmp_motion_driver.o(i.dmp_set_tap_time)
    dmp_set_tap_time_multi                   0x08005d8f   Thumb Code    38  inv_mpu_dmp_motion_driver.o(i.dmp_set_tap_time_multi)
    fputc                                    0x08005db5   Thumb Code    32  bsp_usart.o(i.fputc)
    main                                     0x08006483   Thumb Code   124  main.o(i.main)
    mpu_configure_fifo                       0x08006501   Thumb Code   106  inv_mpu.o(i.mpu_configure_fifo)
    mpu_get_accel_fsr                        0x08006571   Thumb Code    72  inv_mpu.o(i.mpu_get_accel_fsr)
    mpu_get_accel_sens                       0x080065bd   Thumb Code    78  inv_mpu.o(i.mpu_get_accel_sens)
    mpu_get_fifo_config                      0x08006611   Thumb Code    12  inv_mpu.o(i.mpu_get_fifo_config)
    mpu_get_gyro_fsr                         0x08006621   Thumb Code    64  inv_mpu.o(i.mpu_get_gyro_fsr)
    mpu_get_gyro_sens                        0x08006665   Thumb Code    58  inv_mpu.o(i.mpu_get_gyro_sens)
    mpu_get_lpf                              0x080066b5   Thumb Code    74  inv_mpu.o(i.mpu_get_lpf)
    mpu_get_sample_rate                      0x08006705   Thumb Code    26  inv_mpu.o(i.mpu_get_sample_rate)
    mpu_init                                 0x08006725   Thumb Code   416  inv_mpu.o(i.mpu_init)
    mpu_load_firmware                        0x08006915   Thumb Code   180  inv_mpu.o(i.mpu_load_firmware)
    mpu_lp_accel_mode                        0x080069cd   Thumb Code   218  inv_mpu.o(i.mpu_lp_accel_mode)
    mpu_read_fifo_stream                     0x08006aad   Thumb Code   186  inv_mpu.o(i.mpu_read_fifo_stream)
    mpu_read_mem                             0x08006b6d   Thumb Code   122  inv_mpu.o(i.mpu_read_mem)
    mpu_reset_fifo                           0x08006bed   Thumb Code   438  inv_mpu.o(i.mpu_reset_fifo)
    mpu_run_self_test                        0x08006da9   Thumb Code   278  inv_mpu.o(i.mpu_run_self_test)
    mpu_set_accel_fsr                        0x08006ec5   Thumb Code   126  inv_mpu.o(i.mpu_set_accel_fsr)
    mpu_set_bypass                           0x08006f49   Thumb Code   328  inv_mpu.o(i.mpu_set_bypass)
    mpu_set_dmp_state                        0x08007095   Thumb Code   138  inv_mpu.o(i.mpu_set_dmp_state)
    mpu_set_gyro_fsr                         0x08007125   Thumb Code   132  inv_mpu.o(i.mpu_set_gyro_fsr)
    mpu_set_int_latched                      0x080071ad   Thumb Code   102  inv_mpu.o(i.mpu_set_int_latched)
    mpu_set_lpf                              0x08007219   Thumb Code   126  inv_mpu.o(i.mpu_set_lpf)
    mpu_set_sample_rate                      0x0800729d   Thumb Code   152  inv_mpu.o(i.mpu_set_sample_rate)
    mpu_set_sensors                          0x08007339   Thumb Code   202  inv_mpu.o(i.mpu_set_sensors)
    mpu_write_mem                            0x08007409   Thumb Code   122  inv_mpu.o(i.mpu_write_mem)
    myget_ms                                 0x08007489   Thumb Code     2  inv_mpu.o(i.myget_ms)
    sin                                      0x080075ad   Thumb Code   150  sin.o(i.sin)
    sqrt                                     0x0800764d   Thumb Code    76  sqrt.o(i.sqrt)
    tan                                      0x08007699   Thumb Code    90  tan.o(i.tan)
    hw                                       0x080076fc   Data          12  inv_mpu.o(.constdata)
    reg                                      0x08007708   Data          27  inv_mpu.o(.constdata)
    test                                     0x08007724   Data          40  inv_mpu.o(.constdata)
    __mathlib_zero                           0x08008460   Data           8  qnan.o(.constdata)
    Region$$Table$$Base                      0x08008608   Number         0  anon$$obj.o(Region$$Table)
    Region$$Table$$Limit                     0x08008628   Number         0  anon$$obj.o(Region$$Table)
    ax_encoder                               0x20000014   Data           8  main.o(.data)
    ax_encoder_delta                         0x2000001c   Data           8  main.o(.data)
    ax_encoder_delta_target                  0x20000024   Data           8  main.o(.data)
    ax_motor_pwm                             0x2000002c   Data           4  main.o(.data)
    ax_bat_vol                               0x20000030   Data           2  main.o(.data)
    robot_target_speed                       0x20000032   Data           6  main.o(.data)
    robot_params                             0x20000038   Data           4  main.o(.data)
    current_count                            0x20000040   Data           8  kinematics.o(.data)
    ticks_per_meter                          0x20000048   Data           4  kinematics.o(.data)
    linear_correction_factor                 0x20000050   Data           8  kinematics.o(.data)
    wheel_mult                               0x20000058   Data           8  kinematics.o(.data)
    servo_bias                               0x20000060   Data           2  kinematics.o(.data)
    ax_motor_kp                              0x20000074   Data           2  pid.o(.data)
    ax_motor_ki                              0x20000076   Data           2  pid.o(.data)
    ax_motor_kd                              0x20000078   Data           2  pid.o(.data)
    sensors                                  0x20000098   Data           2  mpu6050_dmp.o(.data)
    ax_pitch                                 0x2000009c   Data           4  mpu6050_dmp.o(.data)
    ax_roll                                  0x200000a0   Data           4  mpu6050_dmp.o(.data)
    ax_yaw                                   0x200000a4   Data           4  mpu6050_dmp.o(.data)
    q0                                       0x200000a8   Data           4  mpu6050_dmp.o(.data)
    q1                                       0x200000ac   Data           4  mpu6050_dmp.o(.data)
    q2                                       0x200000b0   Data           4  mpu6050_dmp.o(.data)
    q3                                       0x200000b4   Data           4  mpu6050_dmp.o(.data)
    ax_flag_tim6                             0x200000f0   Data           1  tim.o(.data)
    __stdout                                 0x200000f4   Data           4  stdout.o(.data)
    robot_odom                               0x200000fc   Data          12  main.o(.bss)
    mpu_data                                 0x20000108   Data          20  main.o(.bss)
    __initial_sp                             0x200005f8   Data           0  startup_stm32f10x_hd.o(STACK)



==============================================================================

Memory Map of the image

  Image Entry point : 0x08000131

  Load Region LR_IROM1 (Base: 0x08000000, Size: 0x00008724, Max: 0x00080000, ABSOLUTE)

    Execution Region ER_IROM1 (Base: 0x08000000, Size: 0x00008628, Max: 0x00080000, ABSOLUTE)

    Base Addr    Size         Type   Attr      Idx    E Section Name        Object

    0x08000000   0x00000130   Data   RO            3    RESET               startup_stm32f10x_hd.o
    0x08000130   0x00000000   Code   RO         4257  * .ARM.Collect$$$$00000000  mc_w.l(entry.o)
    0x08000130   0x00000004   Code   RO         4620    .ARM.Collect$$$$00000001  mc_w.l(entry2.o)
    0x08000134   0x00000004   Code   RO         4623    .ARM.Collect$$$$00000004  mc_w.l(entry5.o)
    0x08000138   0x00000000   Code   RO         4625    .ARM.Collect$$$$00000008  mc_w.l(entry7b.o)
    0x08000138   0x00000000   Code   RO         4627    .ARM.Collect$$$$0000000A  mc_w.l(entry8b.o)
    0x08000138   0x00000008   Code   RO         4628    .ARM.Collect$$$$0000000B  mc_w.l(entry9a.o)
    0x08000140   0x00000000   Code   RO         4630    .ARM.Collect$$$$0000000D  mc_w.l(entry10a.o)
    0x08000140   0x00000000   Code   RO         4632    .ARM.Collect$$$$0000000F  mc_w.l(entry11a.o)
    0x08000140   0x00000004   Code   RO         4621    .ARM.Collect$$$$00002712  mc_w.l(entry2.o)
    0x08000144   0x00000024   Code   RO            4    .text               startup_stm32f10x_hd.o
    0x08000168   0x00000062   Code   RO         4260    .text               mc_w.l(ldiv.o)
    0x080001ca   0x00000024   Code   RO         4262    .text               mc_w.l(memseta.o)
    0x080001ee   0x0000001a   Code   RO         4264    .text               mc_w.l(memcmp.o)
    0x08000208   0x000000b0   Code   RO         4527    .text               mf_w.l(fadd.o)
    0x080002b8   0x00000064   Code   RO         4529    .text               mf_w.l(fmul.o)
    0x0800031c   0x0000007c   Code   RO         4531    .text               mf_w.l(fdiv.o)
    0x08000398   0x0000014e   Code   RO         4533    .text               mf_w.l(dadd.o)
    0x080004e6   0x000000e4   Code   RO         4535    .text               mf_w.l(dmul.o)
    0x080005ca   0x000000de   Code   RO         4537    .text               mf_w.l(ddiv.o)
    0x080006a8   0x00000012   Code   RO         4539    .text               mf_w.l(fflti.o)
    0x080006ba   0x0000000a   Code   RO         4541    .text               mf_w.l(ffltui.o)
    0x080006c4   0x00000022   Code   RO         4543    .text               mf_w.l(dflti.o)
    0x080006e6   0x00000032   Code   RO         4545    .text               mf_w.l(ffixi.o)
    0x08000718   0x00000028   Code   RO         4547    .text               mf_w.l(ffixui.o)
    0x08000740   0x0000003e   Code   RO         4549    .text               mf_w.l(dfixi.o)
    0x0800077e   0x00000026   Code   RO         4551    .text               mf_w.l(f2d.o)
    0x080007a4   0x00000030   Code   RO         4553    .text               mf_w.l(cdcmple.o)
    0x080007d4   0x00000030   Code   RO         4555    .text               mf_w.l(cdrcmple.o)
    0x08000804   0x00000038   Code   RO         4557    .text               mf_w.l(d2f.o)
    0x0800083c   0x00000014   Code   RO         4559    .text               mf_w.l(cfcmple.o)
    0x08000850   0x00000014   Code   RO         4561    .text               mf_w.l(cfrcmple.o)
    0x08000864   0x0000002c   Code   RO         4635    .text               mc_w.l(uidiv.o)
    0x08000890   0x00000062   Code   RO         4637    .text               mc_w.l(uldiv.o)
    0x080008f2   0x0000001e   Code   RO         4639    .text               mc_w.l(llshl.o)
    0x08000910   0x00000020   Code   RO         4641    .text               mc_w.l(llushr.o)
    0x08000930   0x00000024   Code   RO         4643    .text               mc_w.l(llsshr.o)
    0x08000954   0x00000000   Code   RO         4652    .text               mc_w.l(iusefp.o)
    0x08000954   0x0000006e   Code   RO         4653    .text               mf_w.l(fepilogue.o)
    0x080009c2   0x000000ba   Code   RO         4655    .text               mf_w.l(depilogue.o)
    0x08000a7c   0x0000002e   Code   RO         4657    .text               mf_w.l(dscalb.o)
    0x08000aaa   0x00000030   Code   RO         4659    .text               mf_w.l(dfixul.o)
    0x08000ada   0x00000002   PAD
    0x08000adc   0x00000024   Code   RO         4661    .text               mc_w.l(init.o)
    0x08000b00   0x000000a2   Code   RO         4663    .text               mf_w.l(dsqrt.o)
    0x08000ba2   0x0000001a   Code   RO         4665    .text               mf_w.l(dfltui.o)
    0x08000bbc   0x00000010   Code   RO         3400    i.AX_ENCODER_A_GetCounter  encoder.o
    0x08000bcc   0x0000000c   Code   RO         3401    i.AX_ENCODER_A_SetCounter  encoder.o
    0x08000bd8   0x00000010   Code   RO         3402    i.AX_ENCODER_B_GetCounter  encoder.o
    0x08000be8   0x0000000c   Code   RO         3403    i.AX_ENCODER_B_SetCounter  encoder.o
    0x08000bf4   0x0000011c   Code   RO         3404    i.AX_ENCODER_Init   encoder.o
    0x08000d10   0x00000030   Code   RO         3499    i.AX_JTAG_Set       sys.o
    0x08000d40   0x00000348   Code   RO         3318    i.AX_Kinematics_Forward  kinematics.o
    0x08001088   0x0000007c   Code   RO         3319    i.AX_Kinematics_Init  kinematics.o
    0x08001104   0x00000234   Code   RO         3320    i.AX_Kinematics_Inverse  kinematics.o
    0x08001338   0x00000064   Code   RO         3376    i.AX_MOTOR_A_SetSpeed  motor.o
    0x0800139c   0x00000064   Code   RO         3377    i.AX_MOTOR_B_SetSpeed  motor.o
    0x08001400   0x00000110   Code   RO         3378    i.AX_MOTOR_Init     motor.o
    0x08001510   0x000002a4   Code   RO         3663    i.AX_MPU6050_DMP_GetData  mpu6050_dmp.o
    0x080017b4   0x00000184   Code   RO         3664    i.AX_MPU6050_DMP_Init  mpu6050_dmp.o
    0x08001938   0x0000003e   Code   RO         3520    i.AX_MPU6050_Init   mpu6050.o
    0x08001976   0x00000002   PAD
    0x08001978   0x000000e8   Code   RO         3436    i.AX_PID_MotorVelocityCtlA  pid.o
    0x08001a60   0x000000c0   Code   RO         3437    i.AX_PID_MotorVelocityCtlB  pid.o
    0x08001b20   0x000000c8   Code   RO         3457    i.AX_SERVO_S12_Init  servo.o
    0x08001be8   0x00000044   Code   RO         3458    i.AX_SERVO_S1_SetAngle  servo.o
    0x08001c2c   0x00000004   Code   RO         3183    i.BusFault_Handler  stm32f10x_it.o
    0x08001c30   0x0000000c   Code   RO         3347    i.DELAY_Init        delay.o
    0x08001c3c   0x00000002   Code   RO         3184    i.DebugMon_Handler  stm32f10x_it.o
    0x08001c3e   0x00000048   Code   RO         3348    i.Delay_ms          delay.o
    0x08001c86   0x00000038   Code   RO         3349    i.Delayms           delay.o
    0x08001cbe   0x00000046   Code   RO         3350    i.Delayus           delay.o
    0x08001d04   0x00000116   Code   RO         1271    i.GPIO_Init         stm32f10x_gpio.o
    0x08001e1a   0x00000002   PAD
    0x08001e1c   0x00000090   Code   RO         1273    i.GPIO_PinRemapConfig  stm32f10x_gpio.o
    0x08001eac   0x00000004   Code   RO         1278    i.GPIO_ResetBits    stm32f10x_gpio.o
    0x08001eb0   0x00000004   Code   RO         1279    i.GPIO_SetBits      stm32f10x_gpio.o
    0x08001eb4   0x00000010   Code   RO         3108    i.GetImuData        main.o
    0x08001ec4   0x00000004   Code   RO         3185    i.HardFault_Handler  stm32f10x_it.o
    0x08001ec8   0x0000004c   Code   RO         3525    i.IIC_Ack           mpu6050.o
    0x08001f14   0x00000040   Code   RO         3526    i.IIC_Init          mpu6050.o
    0x08001f54   0x0000004c   Code   RO         3527    i.IIC_NAck          mpu6050.o
    0x08001fa0   0x00000070   Code   RO         3528    i.IIC_Read_Byte     mpu6050.o
    0x08002010   0x00000064   Code   RO         3529    i.IIC_Send_Byte     mpu6050.o
    0x08002074   0x00000068   Code   RO         3530    i.IIC_Start         mpu6050.o
    0x080020dc   0x00000048   Code   RO         3531    i.IIC_Stop          mpu6050.o
    0x08002124   0x00000068   Code   RO         3532    i.IIC_Wait_Ack      mpu6050.o
    0x0800218c   0x00000076   Code   RO         3533    i.MPU6050_I2C_Read  mpu6050.o
    0x08002202   0x00000060   Code   RO         3534    i.MPU6050_I2C_Write  mpu6050.o
    0x08002262   0x00000012   Code   RO         3536    i.MPU6050_WriteRegister  mpu6050.o
    0x08002274   0x00000004   Code   RO         3186    i.MemManage_Handler  stm32f10x_it.o
    0x08002278   0x00000184   Code   RO         3109    i.MoveCtl           main.o
    0x080023fc   0x00000002   Code   RO         3187    i.NMI_Handler       stm32f10x_it.o
    0x080023fe   0x00000002   PAD
    0x08002400   0x00000070   Code   RO           83    i.NVIC_Init         misc.o
    0x08002470   0x00000014   Code   RO           84    i.NVIC_PriorityGroupConfig  misc.o
    0x08002484   0x00000002   Code   RO         3188    i.PendSV_Handler    stm32f10x_it.o
    0x08002486   0x00000002   PAD
    0x08002488   0x00000020   Code   RO         1696    i.RCC_APB1PeriphClockCmd  stm32f10x_rcc.o
    0x080024a8   0x00000020   Code   RO         1697    i.RCC_APB1PeriphResetCmd  stm32f10x_rcc.o
    0x080024c8   0x00000020   Code   RO         1698    i.RCC_APB2PeriphClockCmd  stm32f10x_rcc.o
    0x080024e8   0x00000020   Code   RO         1699    i.RCC_APB2PeriphResetCmd  stm32f10x_rcc.o
    0x08002508   0x000000d4   Code   RO         1706    i.RCC_GetClocksFreq  stm32f10x_rcc.o
    0x080025dc   0x00000002   Code   RO         3189    i.SVC_Handler       stm32f10x_it.o
    0x080025de   0x00000002   PAD
    0x080025e0   0x00000150   Code   RO         3110    i.SendData          main.o
    0x08002730   0x00000008   Code   RO           24    i.SetSysClock       system_stm32f10x.o
    0x08002738   0x000000e0   Code   RO           25    i.SetSysClockTo72   system_stm32f10x.o
    0x08002818   0x00000028   Code   RO           87    i.SysTick_CLKSourceConfig  misc.o
    0x08002840   0x00000002   Code   RO         3190    i.SysTick_Handler   stm32f10x_it.o
    0x08002842   0x00000002   PAD
    0x08002844   0x00000060   Code   RO           27    i.SystemInit        system_stm32f10x.o
    0x080028a4   0x00000080   Code   RO         2323    i.TI1_Config        stm32f10x_tim.o
    0x08002924   0x00000098   Code   RO         2324    i.TI2_Config        stm32f10x_tim.o
    0x080029bc   0x00000090   Code   RO         2325    i.TI3_Config        stm32f10x_tim.o
    0x08002a4c   0x00000098   Code   RO         2326    i.TI4_Config        stm32f10x_tim.o
    0x08002ae4   0x00000018   Code   RO         4182    i.TIM6_CheckIrqStatus  tim.o
    0x08002afc   0x00000024   Code   RO         4184    i.TIM6_IRQHandler   tim.o
    0x08002b20   0x00000068   Code   RO         4185    i.TIM6_Init         tim.o
    0x08002b88   0x00000018   Code   RO         2327    i.TIM_ARRPreloadConfig  stm32f10x_tim.o
    0x08002ba0   0x00000006   Code   RO         2333    i.TIM_ClearFlag     stm32f10x_tim.o
    0x08002ba6   0x00000006   Code   RO         2334    i.TIM_ClearITPendingBit  stm32f10x_tim.o
    0x08002bac   0x00000018   Code   RO         2339    i.TIM_Cmd           stm32f10x_tim.o
    0x08002bc4   0x0000001e   Code   RO         2341    i.TIM_CtrlPWMOutputs  stm32f10x_tim.o
    0x08002be2   0x00000002   PAD
    0x08002be4   0x000001e8   Code   RO         2344    i.TIM_DeInit        stm32f10x_tim.o
    0x08002dcc   0x00000042   Code   RO         2348    i.TIM_EncoderInterfaceConfig  stm32f10x_tim.o
    0x08002e0e   0x00000006   Code   RO         2358    i.TIM_GetCounter    stm32f10x_tim.o
    0x08002e14   0x00000022   Code   RO         2360    i.TIM_GetITStatus   stm32f10x_tim.o
    0x08002e36   0x00000002   PAD
    0x08002e38   0x000000ac   Code   RO         2362    i.TIM_ICInit        stm32f10x_tim.o
    0x08002ee4   0x00000012   Code   RO         2363    i.TIM_ICStructInit  stm32f10x_tim.o
    0x08002ef6   0x00000012   Code   RO         2364    i.TIM_ITConfig      stm32f10x_tim.o
    0x08002f08   0x00000098   Code   RO         2368    i.TIM_OC1Init       stm32f10x_tim.o
    0x08002fa0   0x00000012   Code   RO         2371    i.TIM_OC1PreloadConfig  stm32f10x_tim.o
    0x08002fb2   0x00000002   PAD
    0x08002fb4   0x000000a4   Code   RO         2373    i.TIM_OC2Init       stm32f10x_tim.o
    0x08003058   0x0000001a   Code   RO         2376    i.TIM_OC2PreloadConfig  stm32f10x_tim.o
    0x08003072   0x00000002   PAD
    0x08003074   0x000000a0   Code   RO         2378    i.TIM_OC3Init       stm32f10x_tim.o
    0x08003114   0x00000012   Code   RO         2381    i.TIM_OC3PreloadConfig  stm32f10x_tim.o
    0x08003126   0x00000002   PAD
    0x08003128   0x0000007c   Code   RO         2383    i.TIM_OC4Init       stm32f10x_tim.o
    0x080031a4   0x0000001a   Code   RO         2385    i.TIM_OC4PreloadConfig  stm32f10x_tim.o
    0x080031be   0x00000004   Code   RO         2400    i.TIM_SetCompare1   stm32f10x_tim.o
    0x080031c2   0x00000004   Code   RO         2401    i.TIM_SetCompare2   stm32f10x_tim.o
    0x080031c6   0x00000012   Code   RO         2405    i.TIM_SetIC1Prescaler  stm32f10x_tim.o
    0x080031d8   0x0000001a   Code   RO         2406    i.TIM_SetIC2Prescaler  stm32f10x_tim.o
    0x080031f2   0x00000012   Code   RO         2407    i.TIM_SetIC3Prescaler  stm32f10x_tim.o
    0x08003204   0x0000001a   Code   RO         2408    i.TIM_SetIC4Prescaler  stm32f10x_tim.o
    0x0800321e   0x00000002   PAD
    0x08003220   0x000000a4   Code   RO         2410    i.TIM_TimeBaseInit  stm32f10x_tim.o
    0x080032c4   0x00000012   Code   RO         2411    i.TIM_TimeBaseStructInit  stm32f10x_tim.o
    0x080032d6   0x00000002   PAD
    0x080032d8   0x00000090   Code   RO         3256    i.UART_SendPacket   bsp_usart.o
    0x08003368   0x00000080   Code   RO         3257    i.USART1_Config     bsp_usart.o
    0x080033e8   0x000000ac   Code   RO         3258    i.USART2_Config     bsp_usart.o
    0x08003494   0x0000022c   Code   RO         3191    i.USART2_IRQHandler  stm32f10x_it.o
    0x080036c0   0x00000018   Code   RO         2875    i.USART_Cmd         stm32f10x_usart.o
    0x080036d8   0x0000001a   Code   RO         2878    i.USART_GetFlagStatus  stm32f10x_usart.o
    0x080036f2   0x00000054   Code   RO         2879    i.USART_GetITStatus  stm32f10x_usart.o
    0x08003746   0x0000004a   Code   RO         2881    i.USART_ITConfig    stm32f10x_usart.o
    0x08003790   0x000000d8   Code   RO         2882    i.USART_Init        stm32f10x_usart.o
    0x08003868   0x0000000a   Code   RO         2889    i.USART_ReceiveData  stm32f10x_usart.o
    0x08003872   0x00000008   Code   RO         2892    i.USART_SendData    stm32f10x_usart.o
    0x0800387a   0x00000004   Code   RO         3192    i.UsageFault_Handler  stm32f10x_it.o
    0x0800387e   0x00000002   PAD
    0x08003880   0x00000020   Code   RO         4499    i.__0printf         mc_w.l(printfa.o)
    0x080038a0   0x00000028   Code   RO         4590    i.__ARM_fpclassify  m_ws.l(fpclassify.o)
    0x080038c8   0x00000388   Code   RO         4595    i.__ieee754_rem_pio2  m_ws.l(rred.o)
    0x08003c50   0x000000fc   Code   RO         4573    i.__kernel_cos      m_ws.l(cos_i.o)
    0x08003d4c   0x000000aa   Code   RO         4592    i.__kernel_poly     m_ws.l(poly.o)
    0x08003df6   0x00000002   PAD
    0x08003df8   0x000000ec   Code   RO         4600    i.__kernel_sin      m_ws.l(sin_i.o)
    0x08003ee4   0x0000027c   Code   RO         4614    i.__kernel_tan      m_ws.l(tan_i.o)
    0x08004160   0x00000006   Code   RO         4577    i.__mathlib_dbl_infnan  m_ws.l(dunder.o)
    0x08004166   0x00000004   Code   RO         4578    i.__mathlib_dbl_infnan2  m_ws.l(dunder.o)
    0x0800416a   0x0000000c   Code   RO         4579    i.__mathlib_dbl_invalid  m_ws.l(dunder.o)
    0x08004176   0x00000002   PAD
    0x08004178   0x00000010   Code   RO         4582    i.__mathlib_dbl_underflow  m_ws.l(dunder.o)
    0x08004188   0x0000000e   Code   RO         4669    i.__scatterload_copy  mc_w.l(handlers.o)
    0x08004196   0x00000002   Code   RO         4670    i.__scatterload_null  mc_w.l(handlers.o)
    0x08004198   0x0000000e   Code   RO         4671    i.__scatterload_zeroinit  mc_w.l(handlers.o)
    0x080041a6   0x00000002   PAD
    0x080041a8   0x0000000c   Code   RO         4647    i.__set_errno       mc_w.l(errno.o)
    0x080041b4   0x00000164   Code   RO         4506    i._fp_digits        mc_w.l(printfa.o)
    0x08004318   0x000006dc   Code   RO         4507    i._printf_core      mc_w.l(printfa.o)
    0x080049f4   0x00000024   Code   RO         4508    i._printf_post_padding  mc_w.l(printfa.o)
    0x08004a18   0x0000002e   Code   RO         4509    i._printf_pre_padding  mc_w.l(printfa.o)
    0x08004a46   0x00000002   PAD
    0x08004a48   0x000000a8   Code   RO         3705    i.accel_self_test   inv_mpu.o
    0x08004af0   0x00000270   Code   RO         4216    i.asin              m_ws.l(asin.o)
    0x08004d60   0x00000220   Code   RO         4564    i.atan              m_ws.l(atan.o)
    0x08004f80   0x00000180   Code   RO         4226    i.atan2             m_ws.l(atan2.o)
    0x08005100   0x0000009c   Code   RO         4234    i.cos               m_ws.l(cos.o)
    0x0800519c   0x00000064   Code   RO         4000    i.decode_gesture    inv_mpu_dmp_motion_driver.o
    0x08005200   0x0000003c   Code   RO         4001    i.dmp_enable_6x_lp_quat  inv_mpu_dmp_motion_driver.o
    0x0800523c   0x0000021c   Code   RO         4002    i.dmp_enable_feature  inv_mpu_dmp_motion_driver.o
    0x08005458   0x00000058   Code   RO         4003    i.dmp_enable_gyro_cal  inv_mpu_dmp_motion_driver.o
    0x080054b0   0x0000003c   Code   RO         4004    i.dmp_enable_lp_quat  inv_mpu_dmp_motion_driver.o
    0x080054ec   0x00000018   Code   RO         4009    i.dmp_load_motion_driver_firmware  inv_mpu_dmp_motion_driver.o
    0x08005504   0x000001cc   Code   RO         4010    i.dmp_read_fifo     inv_mpu_dmp_motion_driver.o
    0x080056d0   0x00000130   Code   RO         4013    i.dmp_set_accel_bias  inv_mpu_dmp_motion_driver.o
    0x08005800   0x00000070   Code   RO         4014    i.dmp_set_fifo_rate  inv_mpu_dmp_motion_driver.o
    0x08005870   0x00000130   Code   RO         4015    i.dmp_set_gyro_bias  inv_mpu_dmp_motion_driver.o
    0x080059a0   0x00000138   Code   RO         4017    i.dmp_set_orientation  inv_mpu_dmp_motion_driver.o
    0x08005ad8   0x00000038   Code   RO         4020    i.dmp_set_shake_reject_thresh  inv_mpu_dmp_motion_driver.o
    0x08005b10   0x00000026   Code   RO         4021    i.dmp_set_shake_reject_time  inv_mpu_dmp_motion_driver.o
    0x08005b36   0x00000026   Code   RO         4022    i.dmp_set_shake_reject_timeout  inv_mpu_dmp_motion_driver.o
    0x08005b5c   0x00000046   Code   RO         4023    i.dmp_set_tap_axes  inv_mpu_dmp_motion_driver.o
    0x08005ba2   0x00000026   Code   RO         4024    i.dmp_set_tap_count  inv_mpu_dmp_motion_driver.o
    0x08005bc8   0x000001a0   Code   RO         4025    i.dmp_set_tap_thresh  inv_mpu_dmp_motion_driver.o
    0x08005d68   0x00000026   Code   RO         4026    i.dmp_set_tap_time  inv_mpu_dmp_motion_driver.o
    0x08005d8e   0x00000026   Code   RO         4027    i.dmp_set_tap_time_multi  inv_mpu_dmp_motion_driver.o
    0x08005db4   0x00000024   Code   RO         3264    i.fputc             bsp_usart.o
    0x08005dd8   0x000000b4   Code   RO         3706    i.get_accel_prod_shift  inv_mpu.o
    0x08005e8c   0x00000470   Code   RO         3707    i.get_st_biases     inv_mpu.o
    0x080062fc   0x00000110   Code   RO         3708    i.gyro_self_test    inv_mpu.o
    0x0800640c   0x00000028   Code   RO         3665    i.inv_orientation_matrix_to_scalar  mpu6050_dmp.o
    0x08006434   0x0000004e   Code   RO         3666    i.inv_row_2_scale   mpu6050_dmp.o
    0x08006482   0x0000007c   Code   RO         3111    i.main              main.o
    0x080064fe   0x00000002   PAD
    0x08006500   0x00000070   Code   RO         3709    i.mpu_configure_fifo  inv_mpu.o
    0x08006570   0x0000004c   Code   RO         3710    i.mpu_get_accel_fsr  inv_mpu.o
    0x080065bc   0x00000054   Code   RO         3712    i.mpu_get_accel_sens  inv_mpu.o
    0x08006610   0x00000010   Code   RO         3717    i.mpu_get_fifo_config  inv_mpu.o
    0x08006620   0x00000044   Code   RO         3718    i.mpu_get_gyro_fsr  inv_mpu.o
    0x08006664   0x00000050   Code   RO         3720    i.mpu_get_gyro_sens  inv_mpu.o
    0x080066b4   0x00000050   Code   RO         3722    i.mpu_get_lpf       inv_mpu.o
    0x08006704   0x00000020   Code   RO         3724    i.mpu_get_sample_rate  inv_mpu.o
    0x08006724   0x000001f0   Code   RO         3726    i.mpu_init          inv_mpu.o
    0x08006914   0x000000b8   Code   RO         3727    i.mpu_load_firmware  inv_mpu.o
    0x080069cc   0x000000e0   Code   RO         3728    i.mpu_lp_accel_mode  inv_mpu.o
    0x08006aac   0x000000c0   Code   RO         3731    i.mpu_read_fifo_stream  inv_mpu.o
    0x08006b6c   0x00000080   Code   RO         3732    i.mpu_read_mem      inv_mpu.o
    0x08006bec   0x000001bc   Code   RO         3735    i.mpu_reset_fifo    inv_mpu.o
    0x08006da8   0x0000011c   Code   RO         3736    i.mpu_run_self_test  inv_mpu.o
    0x08006ec4   0x00000084   Code   RO         3738    i.mpu_set_accel_fsr  inv_mpu.o
    0x08006f48   0x0000014c   Code   RO         3739    i.mpu_set_bypass    inv_mpu.o
    0x08007094   0x00000090   Code   RO         3741    i.mpu_set_dmp_state  inv_mpu.o
    0x08007124   0x00000088   Code   RO         3742    i.mpu_set_gyro_fsr  inv_mpu.o
    0x080071ac   0x0000006c   Code   RO         3743    i.mpu_set_int_latched  inv_mpu.o
    0x08007218   0x00000084   Code   RO         3745    i.mpu_set_lpf       inv_mpu.o
    0x0800729c   0x0000009c   Code   RO         3746    i.mpu_set_sample_rate  inv_mpu.o
    0x08007338   0x000000d0   Code   RO         3747    i.mpu_set_sensors   inv_mpu.o
    0x08007408   0x00000080   Code   RO         3748    i.mpu_write_mem     inv_mpu.o
    0x08007488   0x00000002   Code   RO         3749    i.myget_ms          inv_mpu.o
    0x0800748a   0x00000090   Code   RO         3667    i.run_self_test     mpu6050_dmp.o
    0x0800751a   0x00000002   PAD
    0x0800751c   0x00000090   Code   RO         3750    i.set_int_enable    inv_mpu.o
    0x080075ac   0x000000a0   Code   RO         4242    i.sin               m_ws.l(sin.o)
    0x0800764c   0x0000004c   Code   RO         4607    i.sqrt              m_ws.l(sqrt.o)
    0x08007698   0x00000064   Code   RO         4250    i.tan               m_ws.l(tan.o)
    0x080076fc   0x00000050   Data   RO         3751    .constdata          inv_mpu.o
    0x0800774c   0x00000bf6   Data   RO         4029    .constdata          inv_mpu_dmp_motion_driver.o
    0x08008342   0x00000006   PAD
    0x08008348   0x00000050   Data   RO         4217    .constdata          m_ws.l(asin.o)
    0x08008398   0x00000098   Data   RO         4565    .constdata          m_ws.l(atan.o)
    0x08008430   0x00000030   Data   RO         4574    .constdata          m_ws.l(cos_i.o)
    0x08008460   0x00000008   Data   RO         4594    .constdata          m_ws.l(qnan.o)
    0x08008468   0x000000c8   Data   RO         4597    .constdata          m_ws.l(rred.o)
    0x08008530   0x00000028   Data   RO         4601    .constdata          m_ws.l(sin_i.o)
    0x08008558   0x00000060   Data   RO         4615    .constdata          m_ws.l(tan_i.o)
    0x080085b8   0x0000004e   Data   RO         3752    .conststring        inv_mpu.o
    0x08008606   0x00000002   PAD
    0x08008608   0x00000020   Data   RO         4667    Region$$Table       anon$$obj.o


    Execution Region RW_IRAM1 (Base: 0x20000000, Size: 0x000005f8, Max: 0x00010000, ABSOLUTE)

    Base Addr    Size         Type   Attr      Idx    E Section Name        Object

    0x20000000   0x00000014   Data   RW         1726    .data               stm32f10x_rcc.o
    0x20000014   0x0000002a   Data   RW         3113    .data               main.o
    0x2000003e   0x00000002   Data   RW         3194    .data               stm32f10x_it.o
    0x20000040   0x00000034   Data   RW         3322    .data               kinematics.o
    0x20000074   0x00000024   Data   RW         3438    .data               pid.o
    0x20000098   0x00000029   Data   RW         3668    .data               mpu6050_dmp.o
    0x200000c1   0x00000003   PAD
    0x200000c4   0x0000002c   Data   RW         3753    .data               inv_mpu.o
    0x200000f0   0x00000001   Data   RW         4186    .data               tim.o
    0x200000f1   0x00000003   PAD
    0x200000f4   0x00000004   Data   RW         4634    .data               mc_w.l(stdout.o)
    0x200000f8   0x00000004   Data   RW         4648    .data               mc_w.l(errno.o)
    0x200000fc   0x00000049   Zero   RW         3112    .bss                main.o
    0x20000145   0x0000003c   Zero   RW         3193    .bss                stm32f10x_it.o
    0x20000181   0x0000003c   Zero   RW         3265    .bss                bsp_usart.o
    0x200001bd   0x00000003   PAD
    0x200001c0   0x00000028   Zero   RW         3321    .bss                kinematics.o
    0x200001e8   0x00000010   Zero   RW         4028    .bss                inv_mpu_dmp_motion_driver.o
    0x200001f8   0x00000400   Zero   RW            1    STACK               startup_stm32f10x_hd.o


==============================================================================

Image component sizes


      Code (inc. data)   RO Data    RW Data    ZI Data      Debug   Object Name

       480         32          0          0         60       3282   bsp_usart.o
         0          0          0          0          0       4496   core_cm3.o
       210          0          0          0          0       2025   delay.o
       340         42          0          0          0       2762   encoder.o
      5878        280        158         44          0      27002   inv_mpu.o
      3096        122       3062          0         16      20618   inv_mpu_dmp_motion_driver.o
      1528        192          0         52         40       3451   kinematics.o
       864        148          0         42         73       4723   main.o
       172         22          0          0          0       2105   misc.o
       472         28          0          0          0       1944   motor.o
      1002        100          0          0          0       7369   mpu6050.o
      1326        278          0         41          0       4381   mpu6050_dmp.o
       424         82          0         36          0       1824   pid.o
       268         20          0          0          0       1207   servo.o
        36          8        304          0       1024        864   startup_stm32f10x_hd.o
       430          6          0          0          0       3906   stm32f10x_gpio.o
       582         60          0          2         60       5620   stm32f10x_it.o
       340         44          0         20          0       5648   stm32f10x_rcc.o
      2434        264          0          0          0      20798   stm32f10x_tim.o
       442          6          0          0          0       6197   stm32f10x_usart.o
        48         10          0          0          0        482   sys.o
       328         28          0          0          0     250473   system_stm32f10x.o
       164         16          0          1          0       1803   tim.o

    ----------------------------------------------------------------------
     20896       1788       3564        244       1276     382980   Object Totals
         0          0         32          0          0          0   (incl. Generated)
        32          0          8          6          3          0   (incl. Padding)

    ----------------------------------------------------------------------

      Code (inc. data)   RO Data    RW Data    ZI Data      Debug   Library Member Name

       624         52         80          0          0        168   asin.o
       544         70        152          0          0        124   atan.o
       384         38          0          0          0        144   atan2.o
       156          8          0          0          0        104   cos.o
       252         22         48          0          0        124   cos_i.o
        38          6          0          0          0        272   dunder.o
        40          0          0          0          0         68   fpclassify.o
       170          0          0          0          0         96   poly.o
         0          0          8          0          0          0   qnan.o
       904         76        200          0          0        140   rred.o
       160         10          0          0          0        108   sin.o
       236         12         40          0          0        128   sin_i.o
        76          0          0          0          0         84   sqrt.o
       100         10          0          0          0         96   tan.o
       636         50         96          0          0        168   tan_i.o
         0          0          0          0          0          0   entry.o
         0          0          0          0          0          0   entry10a.o
         0          0          0          0          0          0   entry11a.o
         8          4          0          0          0          0   entry2.o
         4          0          0          0          0          0   entry5.o
         0          0          0          0          0          0   entry7b.o
         0          0          0          0          0          0   entry8b.o
         8          4          0          0          0          0   entry9a.o
        12          6          0          4          0         68   errno.o
        30          0          0          0          0          0   handlers.o
        36          8          0          0          0         68   init.o
         0          0          0          0          0          0   iusefp.o
        98          0          0          0          0         84   ldiv.o
        30          0          0          0          0         68   llshl.o
        36          0          0          0          0         68   llsshr.o
        32          0          0          0          0         68   llushr.o
        26          0          0          0          0         80   memcmp.o
        36          0          0          0          0        108   memseta.o
      2226         90          0          0          0        444   printfa.o
         0          0          0          4          0          0   stdout.o
        44          0          0          0          0         80   uidiv.o
        98          0          0          0          0         92   uldiv.o
        48          0          0          0          0         68   cdcmple.o
        48          0          0          0          0         68   cdrcmple.o
        20          0          0          0          0         68   cfcmple.o
        20          0          0          0          0         68   cfrcmple.o
        56          0          0          0          0         88   d2f.o
       334          0          0          0          0        148   dadd.o
       222          0          0          0          0        100   ddiv.o
       186          0          0          0          0        176   depilogue.o
        62          0          0          0          0         80   dfixi.o
        48          0          0          0          0         68   dfixul.o
        34          0          0          0          0         76   dflti.o
        26          0          0          0          0         76   dfltui.o
       228          0          0          0          0         96   dmul.o
        46          0          0          0          0         80   dscalb.o
       162          0          0          0          0        100   dsqrt.o
        38          0          0          0          0         68   f2d.o
       176          0          0          0          0        140   fadd.o
       124          0          0          0          0         88   fdiv.o
       110          0          0          0          0        168   fepilogue.o
        50          0          0          0          0         68   ffixi.o
        40          0          0          0          0         68   ffixui.o
        18          0          0          0          0         68   fflti.o
        10          0          0          0          0         68   ffltui.o
       100          0          0          0          0         76   fmul.o

    ----------------------------------------------------------------------
      9260        466        624          8          0       5224   Library Totals
        10          0          0          0          0          0   (incl. Padding)

    ----------------------------------------------------------------------

      Code (inc. data)   RO Data    RW Data    ZI Data      Debug   Library Name

      4320        354        624          0          0       1824   m_ws.l
      2724        112          0          8          0       1228   mc_w.l
      2206          0          0          0          0       2172   mf_w.l

    ----------------------------------------------------------------------
      9260        466        624          8          0       5224   Library Totals

    ----------------------------------------------------------------------

==============================================================================


      Code (inc. data)   RO Data    RW Data    ZI Data      Debug   

     30156       2254       4188        252       1276     377436   Grand Totals
     30156       2254       4188        252       1276     377436   ELF Image Totals
     30156       2254       4188        252          0          0   ROM Totals

==============================================================================

    Total RO  Size (Code + RO Data)                34344 (  33.54kB)
    Total RW  Size (RW Data + ZI Data)              1528 (   1.49kB)
    Total ROM Size (Code + RO Data + RW Data)      34596 (  33.79kB)

==============================================================================

